<html>
<body>
<pre>
<h1>礦ision Build Log</h1>
<h2>Tool Versions:</h2>
IDE-Version: μVision V5.23.0.0
Copyright (C) 2017 ARM Ltd and ARM Germany GmbH. All rights reserved.
License Information:  ,  , LIC=3UUCX-H5D0E-8WK2D-8QTC4-C4LUB-K9SE9
 
Tool Versions:
Toolchain:       MDK-ARM Professional  Version: 5.23
Toolchain Path:  D:\Program Files (x86)\ARM\ARMCC\Bin
C Compiler:      Armcc.exe V5.06 update 4 (build 422)
Assembler:       Armasm.exe V5.06 update 4 (build 422)
Linker/Locator:  ArmLink.exe V5.06 update 4 (build 422)
Library Manager: ArmAr.exe V5.06 update 4 (build 422)
Hex Converter:   FromElf.exe V5.06 update 4 (build 422)
CPU DLL:         SARMCM3.DLL V5.23
Dialog DLL:      DCM.DLL V1.15.0.0
Target DLL:      STLink\ST-LINKIII-KEIL_SWO.dll V2.0.18.0
Dialog DLL:      TCM.DLL V1.27.0.0
 
<h2>Project:</h2>
E:\32\32project\32project\32-摄像头-时隔几个月后的再次尝试\Project\RVMDK（uv4）\BH-F103.uvprojx
Project File Date:  07/25/2019

<h2>Output:</h2>
*** Using Compiler 'V5.06 update 4 (build 422)', folder: 'D:\Program Files (x86)\ARM\ARMCC\Bin'
Build target '摄像头—OV7725'
compiling main.c...
..\..\User\main.c(39): warning:  #177-D: variable "n"  was declared but never referenced
  	uint32_t n=0;
..\..\User\main.c: 1 warning, 0 errors
compiling bsp_ili9341_lcd.c...
compiling cv.c...
compiling bsp_ov7725.c...
linking...
Program Size: Code=8876 RO-data=15540 RW-data=248 ZI-data=61696  
FromELF: creating hex file...
"..\..\Output\OV7725.axf" - 0 Error(s), 1 Warning(s).

<h2>Collection of Component include folders:</h2>
  .\RTE\_________OV7725
  D:\Program Files (x86)\ARM\PACK\Keil\STM32F1xx_DFP\2.2.0\Device\Include

<h2>Collection of Component Files used:</h2>
Build Time Elapsed:  00:00:02
</pre>
</body>
</html>
