Component: ARM Compiler 5.06 update 4 (build 422) Tool: armlink [4d35d2]

==============================================================================

Section Cross References

    startup_stm32f10x_hd.o(RESET) refers to startup_stm32f10x_hd.o(STACK) for __initial_sp
    startup_stm32f10x_hd.o(RESET) refers to startup_stm32f10x_hd.o(.text) for Reset_Handler
    startup_stm32f10x_hd.o(RESET) refers to stm32f10x_it.o(.text) for NMI_Handler
    startup_stm32f10x_hd.o(.text) refers to system_stm32f10x.o(.text) for SystemInit
    startup_stm32f10x_hd.o(.text) refers to entry.o(.ARM.Collect$$$$00000000) for __main
    system_stm32f10x.o(.text) refers to system_stm32f10x.o(.data) for SystemCoreClock
    stm32f10x_adc.o(.text) refers to stm32f10x_rcc.o(.text) for RCC_APB2PeriphResetCmd
    stm32f10x_bkp.o(.text) refers to stm32f10x_rcc.o(.text) for RCC_BackupResetCmd
    stm32f10x_can.o(.text) refers to stm32f10x_rcc.o(.text) for RCC_APB1PeriphResetCmd
    stm32f10x_cec.o(.text) refers to stm32f10x_rcc.o(.text) for RCC_APB1PeriphResetCmd
    stm32f10x_dac.o(.text) refers to stm32f10x_rcc.o(.text) for RCC_APB1PeriphResetCmd
    stm32f10x_gpio.o(.text) refers to stm32f10x_rcc.o(.text) for RCC_APB2PeriphResetCmd
    stm32f10x_i2c.o(.text) refers to stm32f10x_rcc.o(.text) for RCC_APB1PeriphResetCmd
    stm32f10x_pwr.o(.text) refers to stm32f10x_rcc.o(.text) for RCC_APB1PeriphResetCmd
    stm32f10x_rcc.o(.text) refers to stm32f10x_rcc.o(.data) for APBAHBPrescTable
    stm32f10x_spi.o(.text) refers to stm32f10x_rcc.o(.text) for RCC_APB2PeriphResetCmd
    stm32f10x_tim.o(.text) refers to stm32f10x_rcc.o(.text) for RCC_APB2PeriphResetCmd
    stm32f10x_usart.o(.text) refers to stm32f10x_rcc.o(.text) for RCC_APB2PeriphResetCmd
    stm32f10x_wwdg.o(.text) refers to stm32f10x_rcc.o(.text) for RCC_APB1PeriphResetCmd
    main.o(.text) refers to stm32f10x_usart.o(.text) for USART_GetFlagStatus
    main.o(.text) refers to bsp_systick.o(.text) for mdelay
    main.o(.text) refers to fmul.o(.text) for __aeabi_fmul
    main.o(.text) refers to ffixi.o(.text) for __aeabi_f2iz
    main.o(.text) refers to empl_outputs.o(.text) for inv_get_sensor_type_quat
    main.o(.text) refers to log_stm32.o(.text) for eMPL_send_quat
    main.o(.text) refers to dflti.o(.text) for __aeabi_i2d
    main.o(.text) refers to dmul.o(.text) for __aeabi_dmul
    main.o(.text) refers to ddiv.o(.text) for __aeabi_ddiv
    main.o(.text) refers to d2f.o(.text) for __aeabi_d2f
    main.o(.text) refers to inv_mpu_dmp_motion_driver.o(.text) for dmp_get_pedometer_step_count
    main.o(.text) refers to main.o(.bss) for hal
    main.o(.text) refers to data_builder.o(.bss) for sensors
    main.o(.text) refers to hal_outputs.o(.text) for inv_get_sensor_type_linear_acceleration
    main.o(.text) refers to f2d.o(.text) for __aeabi_f2d
    main.o(.text) refers to message_layer.o(.text) for inv_get_message_level_0
    main.o(.text) refers to inv_mpu.o(.text) for mpu_set_sensors
    main.o(.text) refers to data_builder.o(.text) for inv_set_accel_sample_rate
    main.o(.text) refers to fflti.o(.text) for __aeabi_i2f
    main.o(.text) refers to fdiv.o(.text) for __aeabi_fdiv
    main.o(.text) refers to bsp_led.o(.text) for LED_GPIO_Config
    main.o(.text) refers to bsp_usart.o(.text) for USART_Config
    main.o(.text) refers to bsp_exti.o(.text) for EXTI_Pxy_Config
    main.o(.text) refers to bsp_i2c.o(.text) for I2C_Bus_Init
    main.o(.text) refers to printfa.o(i.__0printf) for __2printf
    main.o(.text) refers to mpl.o(.text) for inv_init_mpl
    main.o(.text) refers to quaternion_supervisor.o(.text) for inv_enable_quaternion
    main.o(.text) refers to fusion_9axis.o(.text) for inv_enable_9x_sensor_fusion
    main.o(.text) refers to fast_no_motion.o(.text) for inv_enable_fast_nomot
    main.o(.text) refers to gyro_tc.o(.text) for inv_enable_gyro_tc
    main.o(.text) refers to ml_math_func.o(.text) for inv_orientation_matrix_to_scalar
    main.o(.text) refers to main.o(.data) for gyro_pdata
    main.o(.data) refers to main.o(.conststring) for .conststring
    stm32f10x_it.o(.text) refers to bsp_systick.o(.text) for TimingDelay_Decrement
    stm32f10x_it.o(.text) refers to stm32f10x_exti.o(.text) for EXTI_GetITStatus
    stm32f10x_it.o(.text) refers to main.o(.text) for gyro_data_ready_cb
    stm32f10x_it.o(.text) refers to stm32f10x_it.o(.data) for Task_Delay
    bsp_led.o(.text) refers to stm32f10x_rcc.o(.text) for RCC_APB2PeriphClockCmd
    bsp_led.o(.text) refers to stm32f10x_gpio.o(.text) for GPIO_Init
    bsp_systick.o(.text) refers to system_stm32f10x.o(.data) for SystemCoreClock
    bsp_systick.o(.text) refers to bsp_systick.o(.data) for TimingDelay
    bsp_exti.o(.text) refers to misc.o(.text) for NVIC_PriorityGroupConfig
    bsp_exti.o(.text) refers to stm32f10x_rcc.o(.text) for RCC_APB2PeriphClockCmd
    bsp_exti.o(.text) refers to stm32f10x_gpio.o(.text) for GPIO_Init
    bsp_exti.o(.text) refers to stm32f10x_exti.o(.text) for EXTI_Init
[...]
    .constdata                               0x0800dd78   Section       80  acos.o(.constdata)
    pS                                       0x0800dd78   Data          48  acos.o(.constdata)
    qS                                       0x0800dda8   Data          32  acos.o(.constdata)
    .constdata                               0x0800ddc8   Section       32  rredf.o(.constdata)
    twooverpi                                0x0800ddc8   Data          32  rredf.o(.constdata)
    .conststring                             0x0800dde8   Section        9  main.o(.conststring)
    .conststring                             0x0800ddf4   Section       68  data_builder.o(.conststring)
    .data                                    0x20000000   Section       20  system_stm32f10x.o(.data)
    .data                                    0x20000014   Section       20  stm32f10x_rcc.o(.data)
    APBAHBPrescTable                         0x20000014   Data          16  stm32f10x_rcc.o(.data)
    ADCPrescTable                            0x20000024   Data           4  stm32f10x_rcc.o(.data)
    .data                                    0x20000028   Section       21  main.o(.data)
    gyro_pdata                               0x20000034   Data           9  main.o(.data)
    .data                                    0x20000040   Section        8  stm32f10x_it.o(.data)
    .data                                    0x20000048   Section        8  bsp_systick.o(.data)
    TimingDelay                              0x2000004c   Data           4  bsp_systick.o(.data)
    .data                                    0x20000050   Section        6  bsp_i2c.o(.data)
    I2CTimeout                               0x20000050   Data           4  bsp_i2c.o(.data)
    RETRY_IN_MLSEC                           0x20000054   Data           2  bsp_i2c.o(.data)
    .data                                    0x20000058   Section       44  inv_mpu.o(.data)
    st                                       0x20000058   Data          44  inv_mpu.o(.data)
    .data                                    0x20000084   Section       20  hal_outputs.o(.data)
    .data                                    0x20000098   Section        4  message_layer.o(.data)
    mh                                       0x20000098   Data           4  message_layer.o(.data)
    .data                                    0x2000009c   Section        4  stdout.o(.data)
    .data                                    0x200000a0   Section        4  errno.o(.data)
    _errno                                   0x200000a0   Data           4  errno.o(.data)
    .bss                                     0x200000a4   Section       36  main.o(.bss)
    hal                                      0x200000a4   Data          36  main.o(.bss)
    .bss                                     0x200000c8   Section       16  inv_mpu_dmp_motion_driver.o(.bss)
    dmp                                      0x200000c8   Data          16  inv_mpu_dmp_motion_driver.o(.bss)
    .bss                                     0x200000d8   Section       40  empl_outputs.o(.bss)
    eMPL_out                                 0x200000d8   Data          40  empl_outputs.o(.bss)
    .bss                                     0x20000100   Section      728  data_builder.o(.bss)
    inv_data_builder                         0x20000100   Data         320  data_builder.o(.bss)
    .bss                                     0x200003d8   Section      196  hal_outputs.o(.bss)
    hal_out                                  0x200003d8   Data         196  hal_outputs.o(.bss)
    .bss                                     0x2000049c   Section      136  results_holder.o(.bss)
    rh                                       0x2000049c   Data         136  results_holder.o(.bss)
    .bss                                     0x20000524   Section       84  start_manager.o(.bss)
    inv_start_cb                             0x20000524   Data          84  start_manager.o(.bss)
    .bss                                     0x20000578   Section      408  storage_manager.o(.bss)
    ds                                       0x20000578   Data         408  storage_manager.o(.bss)
    .bss                                     0x20000710   Section      672  fast_no_motion.o(.bss)
    fnm_user                                 0x20000970   Data          64  fast_no_motion.o(.bss)
    .bss                                     0x200009b0   Section      312  fusion_9axis.o(.bss)
    .bss                                     0x20000ae8   Section      452  gyro_tc.o(.bss)
    inv_gtc                                  0x20000ae8   Data         452  gyro_tc.o(.bss)
    .bss                                     0x20000cac   Section      108  quaternion_supervisor.o(.bss)
    inv_quat_data                            0x20000cac   Data         108  quaternion_supervisor.o(.bss)
    .bss                                     0x20000d18   Section      184  mag_disturb.o(.bss)
    STACK                                    0x20000dd0   Section     1024  startup_stm32f10x_hd.o(STACK)

    Global Symbols

    Symbol Name                              Value     Ov Type        Size  Object(Section)

    BuildAttributes$$THM_ISAv4$P$D$K$B$S$PE$A:L22UL41UL21$X:L11$S22US41US21$IEEE1$IW$USESV6$~STKCKD$USESV7$~SHL$OTIME$ROPI$IEEEX$EBA8$MICROLIB$REQ8$PRES8$EABIv2 0x00000000   Number         0  anon$$obj.o ABSOLUTE
    __ARM_use_no_argv                        0x00000000   Number         0  main.o ABSOLUTE
    __cpp_initialize__aeabi_                  - Undefined Weak Reference
    __cxa_finalize                            - Undefined Weak Reference
    __decompress                              - Undefined Weak Reference
    _clock_init                               - Undefined Weak Reference
    _microlib_exit                            - Undefined Weak Reference
    __Vectors_Size                           0x00000130   Number         0  startup_stm32f10x_hd.o ABSOLUTE
    __Vectors                                0x08000000   Data           4  startup_stm32f10x_hd.o(RESET)
    __Vectors_End                            0x08000130   Data           0  startup_stm32f10x_hd.o(RESET)
    __main                                   0x08000131   Thumb Code     0  entry.o(.ARM.Collect$$$$00000000)
    _main_stk                                0x08000131   Thumb Code     0  entry2.o(.ARM.Collect$$$$00000001)
    _main_scatterload                        0x08000135   Thumb Code     0  entry5.o(.ARM.Collect$$$$00000004)
    __main_after_scatterload                 0x08000139   Thumb Code     0  entry5.o(.ARM.Collect$$$$00000004)
    _main_clock                              0x08000139   Thumb Code     0  entry7b.o(.ARM.Collect$$$$00000008)
    _main_cpp_init                           0x08000139   Thumb Code     0  entry8b.o(.ARM.Collect$$$$0000000A)
    _main_init                               0x08000139   Thumb Code     0  entry9a.o(.ARM.Collect$$$$0000000B)
    __rt_final_cpp                           0x08000141   Thumb Code     0  entry10a.o(.ARM.Collect$$$$0000000D)
    __rt_final_exit                          0x08000141   Thumb Code     0  entry11a.o(.ARM.Collect$$$$0000000F)
    Reset_Handler                            0x08000145   Thumb Code     8  startup_stm32f10x_hd.o(.text)
    ADC1_2_IRQHandler                        0x0800015f   Thumb Code     0  startup_stm32f10x_hd.o(.text)
    ADC3_IRQHandler                          0x0800015f   Thumb Code     0  startup_stm32f10x_hd.o(.text)
    CAN1_RX1_IRQHandler                      0x0800015f   Thumb Code     0  startup_stm32f10x_hd.o(.text)
    CAN1_SCE_IRQHandler                      0x0800015f   Thumb Code     0  startup_stm32f10x_hd.o(.text)
    DMA1_Channel1_IRQHandler                 0x0800015f   Thumb Code     0  startup_stm32f10x_hd.o(.text)
    DMA1_Channel2_IRQHandler                 0x0800015f   Thumb Code     0  startup_stm32f10x_hd.o(.text)
    DMA1_Channel3_IRQHandler                 0x0800015f   Thumb Code     0  startup_stm32f10x_hd.o(.text)
    DMA1_Channel4_IRQHandler                 0x0800015f   Thumb Code     0  startup_stm32f10x_hd.o(.text)
    DMA1_Channel5_IRQHandler                 0x0800015f   Thumb Code     0  startup_stm32f10x_hd.o(.text)
    DMA1_Channel6_IRQHandler                 0x0800015f   Thumb Code     0  startup_stm32f10x_hd.o(.text)
    DMA1_Channel7_IRQHandler                 0x0800015f   Thumb Code     0  startup_stm32f10x_hd.o(.text)
    DMA2_Channel1_IRQHandler                 0x0800015f   Thumb Code     0  startup_stm32f10x_hd.o(.text)
    DMA2_Channel2_IRQHandler                 0x0800015f   Thumb Code     0  startup_stm32f10x_hd.o(.text)
    DMA2_Channel3_IRQHandler                 0x0800015f   Thumb Code     0  startup_stm32f10x_hd.o(.text)
    DMA2_Channel4_5_IRQHandler               0x0800015f   Thumb Code     0  startup_stm32f10x_hd.o(.text)
    EXTI0_IRQHandler                         0x0800015f   Thumb Code     0  startup_stm32f10x_hd.o(.text)
    EXTI1_IRQHandler                         0x0800015f   Thumb Code     0  startup_stm32f10x_hd.o(.text)
    EXTI2_IRQHandler                         0x0800015f   Thumb Code     0  startup_stm32f10x_hd.o(.text)
    EXTI3_IRQHandler                         0x0800015f   Thumb Code     0  startup_stm32f10x_hd.o(.text)
    EXTI4_IRQHandler                         0x0800015f   Thumb Code     0  startup_stm32f10x_hd.o(.text)
    EXTI9_5_IRQHandler                       0x0800015f   Thumb Code     0  startup_stm32f10x_hd.o(.text)
    FLASH_IRQHandler                         0x0800015f   Thumb Code     0  startup_stm32f10x_hd.o(.text)
    FSMC_IRQHandler                          0x0800015f   Thumb Code     0  startup_stm32f10x_hd.o(.text)
    I2C1_ER_IRQHandler                       0x0800015f   Thumb Code     0  startup_stm32f10x_hd.o(.text)
    I2C1_EV_IRQHandler                       0x0800015f   Thumb Code     0  startup_stm32f10x_hd.o(.text)
    I2C2_ER_IRQHandler                       0x0800015f   Thumb Code     0  startup_stm32f10x_hd.o(.text)
    I2C2_EV_IRQHandler                       0x0800015f   Thumb Code     0  startup_stm32f10x_hd.o(.text)
    PVD_IRQHandler                           0x0800015f   Thumb Code     0  startup_stm32f10x_hd.o(.text)
    RCC_IRQHandler                           0x0800015f   Thumb Code     0  startup_stm32f10x_hd.o(.text)
    RTCAlarm_IRQHandler                      0x0800015f   Thumb Code     0  startup_stm32f10x_hd.o(.text)
    RTC_IRQHandler                           0x0800015f   Thumb Code     0  startup_stm32f10x_hd.o(.text)
    SDIO_IRQHandler                          0x0800015f   Thumb Code     0  startup_stm32f10x_hd.o(.text)
    SPI1_IRQHandler                          0x0800015f   Thumb Code     0  startup_stm32f10x_hd.o(.text)
    SPI2_IRQHandler                          0x0800015f   Thumb Code     0  startup_stm32f10x_hd.o(.text)
    SPI3_IRQHandler                          0x0800015f   Thumb Code     0  startup_stm32f10x_hd.o(.text)
    TAMPER_IRQHandler                        0x0800015f   Thumb Code     0  startup_stm32f10x_hd.o(.text)
    TIM1_BRK_IRQHandler                      0x0800015f   Thumb Code     0  startup_stm32f10x_hd.o(.text)
    TIM1_CC_IRQHandler                       0x0800015f   Thumb Code     0  startup_stm32f10x_hd.o(.text)
    TIM1_TRG_COM_IRQHandler                  0x0800015f   Thumb Code     0  startup_stm32f10x_hd.o(.text)
    TIM1_UP_IRQHandler                       0x0800015f   Thumb Code     0  startup_stm32f10x_hd.o(.text)
    TIM2_IRQHandler                          0x0800015f   Thumb Code     0  startup_stm32f10x_hd.o(.text)
    TIM3_IRQHandler                          0x0800015f   Thumb Code     0  startup_stm32f10x_hd.o(.text)
    TIM4_IRQHandler                          0x0800015f   Thumb Code     0  startup_stm32f10x_hd.o(.text)
    TIM5_IRQHandler                          0x0800015f   Thumb Code     0  startup_stm32f10x_hd.o(.text)
    TIM6_IRQHandler                          0x0800015f   Thumb Code     0  startup_stm32f10x_hd.o(.text)
    TIM7_IRQHandler                          0x0800015f   Thumb Code     0  startup_stm32f10x_hd.o(.text)
    TIM8_BRK_IRQHandler                      0x0800015f   Thumb Code     0  startup_stm32f10x_hd.o(.text)
    TIM8_CC_IRQHandler                       0x0800015f   Thumb Code     0  startup_stm32f10x_hd.o(.text)
    TIM8_TRG_COM_IRQHandler                  0x0800015f   Thumb Code     0  startup_stm32f10x_hd.o(.text)
    TIM8_UP_IRQHandler                       0x0800015f   Thumb Code     0  startup_stm32f10x_hd.o(.text)
    UART4_IRQHandler                         0x0800015f   Thumb Code     0  startup_stm32f10x_hd.o(.text)
    UART5_IRQHandler                         0x0800015f   Thumb Code     0  startup_stm32f10x_hd.o(.text)
    USART1_IRQHandler                        0x0800015f   Thumb Code     0  startup_stm32f10x_hd.o(.text)
    USART2_IRQHandler                        0x0800015f   Thumb Code     0  startup_stm32f10x_hd.o(.text)
    USART3_IRQHandler                        0x0800015f   Thumb Code     0  startup_stm32f10x_hd.o(.text)
    USBWakeUp_IRQHandler                     0x0800015f   Thumb Code     0  startup_stm32f10x_hd.o(.text)
    USB_HP_CAN1_TX_IRQHandler                0x0800015f   Thumb Code     0  startup_stm32f10x_hd.o(.text)
    USB_LP_CAN1_RX0_IRQHandler               0x0800015f   Thumb Code     0  startup_stm32f10x_hd.o(.text)
    WWDG_IRQHandler                          0x0800015f   Thumb Code     0  startup_stm32f10x_hd.o(.text)
    SystemInit                               0x08000247   Thumb Code    78  system_stm32f10x.o(.text)
    SystemCoreClockUpdate                    0x08000295   Thumb Code   142  system_stm32f10x.o(.text)
    NVIC_PriorityGroupConfig                 0x08000349   Thumb Code    10  misc.o(.text)
    NVIC_Init                                0x08000353   Thumb Code   100  misc.o(.text)
    NVIC_SetVectorTable                      0x080003b7   Thumb Code    14  misc.o(.text)
    NVIC_SystemLPConfig                      0x080003c5   Thumb Code    34  misc.o(.text)
    SysTick_CLKSourceConfig                  0x080003e7   Thumb Code    40  misc.o(.text)
    EXTI_DeInit                              0x08000425   Thumb Code    28  stm32f10x_exti.o(.text)
    EXTI_Init                                0x08000441   Thumb Code   142  stm32f10x_exti.o(.text)
    EXTI_StructInit                          0x080004cf   Thumb Code    16  stm32f10x_exti.o(.text)
    EXTI_GenerateSWInterrupt                 0x080004df   Thumb Code    16  stm32f10x_exti.o(.text)
    EXTI_GetFlagStatus                       0x080004ef   Thumb Code    22  stm32f10x_exti.o(.text)
    EXTI_ClearFlag                           0x08000505   Thumb Code     8  stm32f10x_exti.o(.text)
    EXTI_GetITStatus                         0x0800050d   Thumb Code    34  stm32f10x_exti.o(.text)
    EXTI_ClearITPendingBit                   0x0800052f   Thumb Code     8  stm32f10x_exti.o(.text)
    GPIO_DeInit                              0x08000541   Thumb Code   172  stm32f10x_gpio.o(.text)
    GPIO_AFIODeInit                          0x080005ed   Thumb Code    20  stm32f10x_gpio.o(.text)
    GPIO_Init                                0x08000601   Thumb Code   278  stm32f10x_gpio.o(.text)
    GPIO_StructInit                          0x08000717   Thumb Code    16  stm32f10x_gpio.o(.text)
    GPIO_ReadInputDataBit                    0x08000727   Thumb Code    18  stm32f10x_gpio.o(.text)
    GPIO_ReadInputData                       0x08000739   Thumb Code     8  stm32f10x_gpio.o(.text)
    GPIO_ReadOutputDataBit                   0x08000741   Thumb Code    18  stm32f10x_gpio.o(.text)
    GPIO_ReadOutputData                      0x08000753   Thumb Code     8  stm32f10x_gpio.o(.text)
    GPIO_SetBits                             0x0800075b   Thumb Code     4  stm32f10x_gpio.o(.text)
    GPIO_ResetBits                           0x0800075f   Thumb Code     4  stm32f10x_gpio.o(.text)
    GPIO_WriteBit                            0x08000763   Thumb Code    10  stm32f10x_gpio.o(.text)
    GPIO_Write                               0x0800076d   Thumb Code     4  stm32f10x_gpio.o(.text)
    GPIO_PinLockConfig                       0x08000771   Thumb Code    18  stm32f10x_gpio.o(.text)
    GPIO_EventOutputConfig                   0x08000783   Thumb Code    26  stm32f10x_gpio.o(.text)
    GPIO_EventOutputCmd                      0x0800079d   Thumb Code     6  stm32f10x_gpio.o(.text)
    GPIO_PinRemapConfig                      0x080007a3   Thumb Code   138  stm32f10x_gpio.o(.text)
    GPIO_EXTILineConfig                      0x0800082d   Thumb Code    66  stm32f10x_gpio.o(.text)
    GPIO_ETH_MediaInterfaceConfig            0x0800086f   Thumb Code     8  stm32f10x_gpio.o(.text)
    RCC_DeInit                               0x0800089d   Thumb Code    64  stm32f10x_rcc.o(.text)
    RCC_HSEConfig                            0x080008dd   Thumb Code    70  stm32f10x_rcc.o(.text)
    RCC_GetFlagStatus                        0x08000923   Thumb Code    56  stm32f10x_rcc.o(.text)
    RCC_WaitForHSEStartUp                    0x0800095b   Thumb Code    56  stm32f10x_rcc.o(.text)
    RCC_AdjustHSICalibrationValue            0x08000993   Thumb Code    20  stm32f10x_rcc.o(.text)
    RCC_HSICmd                               0x080009a7   Thumb Code     6  stm32f10x_rcc.o(.text)
    RCC_PLLConfig                            0x080009ad   Thumb Code    24  stm32f10x_rcc.o(.text)
    RCC_PLLCmd                               0x080009c5   Thumb Code     6  stm32f10x_rcc.o(.text)
    RCC_SYSCLKConfig                         0x080009cb   Thumb Code    18  stm32f10x_rcc.o(.text)
    RCC_GetSYSCLKSource                      0x080009dd   Thumb Code    10  stm32f10x_rcc.o(.text)
    RCC_HCLKConfig                           0x080009e7   Thumb Code    18  stm32f10x_rcc.o(.text)
    RCC_PCLK1Config                          0x080009f9   Thumb Code    18  stm32f10x_rcc.o(.text)
    RCC_PCLK2Config                          0x08000a0b   Thumb Code    20  stm32f10x_rcc.o(.text)
    RCC_ITConfig                             0x08000a1f   Thumb Code    26  stm32f10x_rcc.o(.text)
    RCC_USBCLKConfig                         0x08000a39   Thumb Code     8  stm32f10x_rcc.o(.text)
    RCC_ADCCLKConfig                         0x08000a41   Thumb Code    18  stm32f10x_rcc.o(.text)
    RCC_LSEConfig                            0x08000a53   Thumb Code    50  stm32f10x_rcc.o(.text)
    RCC_LSICmd                               0x08000a85   Thumb Code     6  stm32f10x_rcc.o(.text)
    RCC_RTCCLKConfig                         0x08000a8b   Thumb Code    12  stm32f10x_rcc.o(.text)
    RCC_RTCCLKCmd                            0x08000a97   Thumb Code     8  stm32f10x_rcc.o(.text)
    RCC_GetClocksFreq                        0x08000a9f   Thumb Code   192  stm32f10x_rcc.o(.text)
    RCC_AHBPeriphClockCmd                    0x08000b5f   Thumb Code    26  stm32f10x_rcc.o(.text)
    RCC_APB2PeriphClockCmd                   0x08000b79   Thumb Code    26  stm32f10x_rcc.o(.text)
    RCC_APB1PeriphClockCmd                   0x08000b93   Thumb Code    26  stm32f10x_rcc.o(.text)
    RCC_APB2PeriphResetCmd                   0x08000bad   Thumb Code    26  stm32f10x_rcc.o(.text)
    RCC_APB1PeriphResetCmd                   0x08000bc7   Thumb Code    26  stm32f10x_rcc.o(.text)
    RCC_BackupResetCmd                       0x08000be1   Thumb Code     8  stm32f10x_rcc.o(.text)
    RCC_ClockSecuritySystemCmd               0x08000be9   Thumb Code     6  stm32f10x_rcc.o(.text)
    RCC_MCOConfig                            0x08000bef   Thumb Code     6  stm32f10x_rcc.o(.text)
    RCC_ClearFlag                            0x08000bf5   Thumb Code    14  stm32f10x_rcc.o(.text)
    RCC_GetITStatus                          0x08000c03   Thumb Code    20  stm32f10x_rcc.o(.text)
    RCC_ClearITPendingBit                    0x08000c17   Thumb Code     6  stm32f10x_rcc.o(.text)
    USART_DeInit                             0x08000c41   Thumb Code   134  stm32f10x_usart.o(.text)
    USART_Init                               0x08000cc7   Thumb Code   210  stm32f10x_usart.o(.text)
    USART_StructInit                         0x08000d99   Thumb Code    24  stm32f10x_usart.o(.text)
    USART_ClockInit                          0x08000db1   Thumb Code    34  stm32f10x_usart.o(.text)
    USART_ClockStructInit                    0x08000dd3   Thumb Code    12  stm32f10x_usart.o(.text)
    USART_Cmd                                0x08000ddf   Thumb Code    24  stm32f10x_usart.o(.text)
    USART_ITConfig                           0x08000df7   Thumb Code    74  stm32f10x_usart.o(.text)
    USART_DMACmd                             0x08000e41   Thumb Code    18  stm32f10x_usart.o(.text)
    USART_SetAddress                         0x08000e53   Thumb Code    18  stm32f10x_usart.o(.text)
    USART_WakeUpConfig                       0x08000e65   Thumb Code    18  stm32f10x_usart.o(.text)
    USART_ReceiverWakeUpCmd                  0x08000e77   Thumb Code    24  stm32f10x_usart.o(.text)
    USART_LINBreakDetectLengthConfig         0x08000e8f   Thumb Code    18  stm32f10x_usart.o(.text)
    USART_LINCmd                             0x08000ea1   Thumb Code    24  stm32f10x_usart.o(.text)
    USART_SendData                           0x08000eb9   Thumb Code     8  stm32f10x_usart.o(.text)
    USART_ReceiveData                        0x08000ec1   Thumb Code    10  stm32f10x_usart.o(.text)
    USART_SendBreak                          0x08000ecb   Thumb Code    10  stm32f10x_usart.o(.text)
    USART_SetGuardTime                       0x08000ed5   Thumb Code    16  stm32f10x_usart.o(.text)
    USART_SetPrescaler                       0x08000ee5   Thumb Code    16  stm32f10x_usart.o(.text)
    USART_SmartCardCmd                       0x08000ef5   Thumb Code    24  stm32f10x_usart.o(.text)
    USART_SmartCardNACKCmd                   0x08000f0d   Thumb Code    24  stm32f10x_usart.o(.text)
    USART_HalfDuplexCmd                      0x08000f25   Thumb Code    24  stm32f10x_usart.o(.text)
    USART_OverSampling8Cmd                   0x08000f3d   Thumb Code    22  stm32f10x_usart.o(.text)
    USART_OneBitMethodCmd                    0x08000f53   Thumb Code    24  stm32f10x_usart.o(.text)
    USART_IrDAConfig                         0x08000f6b   Thumb Code    18  stm32f10x_usart.o(.text)
    USART_IrDACmd                            0x08000f7d   Thumb Code    24  stm32f10x_usart.o(.text)
    USART_GetFlagStatus                      0x08000f95   Thumb Code    26  stm32f10x_usart.o(.text)
    USART_ClearFlag                          0x08000faf   Thumb Code    18  stm32f10x_usart.o(.text)
    USART_GetITStatus                        0x08000fc1   Thumb Code    84  stm32f10x_usart.o(.text)
    USART_ClearITPendingBit                  0x08001015   Thumb Code    52  stm32f10x_usart.o(.text)
    usart_send_char                          0x08001049   Thumb Code    36  main.o(.text)
    Data_Send_Status                         0x0800106d   Thumb Code   322  main.o(.text)
    Send_Data                                0x080011af   Thumb Code   310  main.o(.text)
    gyro_data_ready_cb                       0x08001d43   Thumb Code     8  main.o(.text)
    main                                     0x08001d4b   Thumb Code  1120  main.o(.text)
    NMI_Handler                              0x080021f5   Thumb Code     2  stm32f10x_it.o(.text)
    HardFault_Handler                        0x080021f7   Thumb Code     4  stm32f10x_it.o(.text)
    MemManage_Handler                        0x080021fb   Thumb Code     4  stm32f10x_it.o(.text)
    BusFault_Handler                         0x080021ff   Thumb Code     4  stm32f10x_it.o(.text)
    UsageFault_Handler                       0x08002203   Thumb Code     4  stm32f10x_it.o(.text)
    SVC_Handler                              0x08002207   Thumb Code     2  stm32f10x_it.o(.text)
    DebugMon_Handler                         0x08002209   Thumb Code     2  stm32f10x_it.o(.text)
    PendSV_Handler                           0x0800220b   Thumb Code     2  stm32f10x_it.o(.text)
    SysTick_Handler                          0x0800220d   Thumb Code    46  stm32f10x_it.o(.text)
    EXTI15_10_IRQHandler                     0x0800223b   Thumb Code    26  stm32f10x_it.o(.text)
    LED_GPIO_Config                          0x08002259   Thumb Code    90  bsp_led.o(.text)
    SysTick_Init                             0x080022b9   Thumb Code   108  bsp_systick.o(.text)
    mdelay                                   0x08002325   Thumb Code    16  bsp_systick.o(.text)
    get_tick_count                           0x08002335   Thumb Code    12  bsp_systick.o(.text)
    TimingDelay_Decrement                    0x08002341   Thumb Code    18  bsp_systick.o(.text)
    TimeStamp_Increment                      0x08002353   Thumb Code    12  bsp_systick.o(.text)
    EXTI_Pxy_Config                          0x0800239d   Thumb Code    76  bsp_exti.o(.text)
    EnableInvInterrupt                       0x080023e9   Thumb Code    34  bsp_exti.o(.text)
    DisableInvInterrupt                      0x0800240b   Thumb Code    42  bsp_exti.o(.text)
    USART_Config                             0x08002439   Thumb Code   120  bsp_usart.o(.text)
    fputc                                    0x080024b1   Thumb Code    32  bsp_usart.o(.text)
    fgetc                                    0x080024d1   Thumb Code    26  bsp_usart.o(.text)
    Set_I2C_Retry                            0x0800253b   Thumb Code     6  bsp_i2c.o(.text)
    I2C_Bus_Init                             0x08002541   Thumb Code    18  bsp_i2c.o(.text)
    Soft_I2C_Wait_Ack                        0x08002581   Thumb Code    74  bsp_i2c.o(.text)
    Get_I2C_Retry                            0x080026db   Thumb Code     6  bsp_i2c.o(.text)
    Sensors_I2C_WriteRegister                0x080026e1   Thumb Code    76  bsp_i2c.o(.text)
    Sensors_I2C_ReadRegister                 0x080028a7   Thumb Code    76  bsp_i2c.o(.text)
    mpu_reg_dump                             0x0800298b   Thumb Code    90  inv_mpu.o(.text)
    mpu_read_reg                             0x080029e5   Thumb Code    66  inv_mpu.o(.text)
    mpu_set_int_latched                      0x08002a27   Thumb Code   102  inv_mpu.o(.text)
    mpu_set_sensors                          0x08002a8d   Thumb Code   202  inv_mpu.o(.text)
    mpu_set_bypass                           0x08002b57   Thumb Code   328  inv_mpu.o(.text)
    mpu_reset_fifo                           0x08002c9f   Thumb Code   470  inv_mpu.o(.text)
    mpu_configure_fifo                       0x08002e75   Thumb Code   106  inv_mpu.o(.text)
    mpu_set_lpf                              0x08002edf   Thumb Code   126  inv_mpu.o(.text)
    mpu_lp_accel_mode                        0x08002f5d   Thumb Code   218  inv_mpu.o(.text)
    mpu_set_sample_rate                      0x08003037   Thumb Code   152  inv_mpu.o(.text)
    mpu_set_accel_fsr                        0x080030cf   Thumb Code   132  inv_mpu.o(.text)
    mpu_set_gyro_fsr                         0x08003153   Thumb Code   132  inv_mpu.o(.text)
    mpu_init                                 0x080031d7   Thumb Code   248  inv_mpu.o(.text)
    mpu_get_gyro_reg                         0x080032cf   Thumb Code   110  inv_mpu.o(.text)
    mpu_get_accel_reg                        0x0800333d   Thumb Code   110  inv_mpu.o(.text)
    mpu_get_temperature                      0x080033ab   Thumb Code   150  inv_mpu.o(.text)
    mpu_read_6500_accel_bias                 0x08003441   Thumb Code   124  inv_mpu.o(.text)
    mpu_read_6050_accel_bias                 0x080034bd   Thumb Code   134  inv_mpu.o(.text)
    mpu_read_6500_gyro_bias                  0x08003543   Thumb Code   124  inv_mpu.o(.text)
    mpu_set_gyro_bias_reg                    0x080035bf   Thumb Code   152  inv_mpu.o(.text)
    mpu_set_accel_bias_6050_reg              0x08003657   Thumb Code   196  inv_mpu.o(.text)
    mpu_set_accel_bias_6500_reg              0x0800371b   Thumb Code   196  inv_mpu.o(.text)
    mpu_get_gyro_fsr                         0x080037df   Thumb Code    64  inv_mpu.o(.text)
    mpu_get_accel_fsr                        0x0800381f   Thumb Code    72  inv_mpu.o(.text)
    mpu_get_lpf                              0x08003867   Thumb Code    74  inv_mpu.o(.text)
    mpu_get_sample_rate                      0x080038b1   Thumb Code    26  inv_mpu.o(.text)
    mpu_get_compass_sample_rate              0x080038cb   Thumb Code    10  inv_mpu.o(.text)
    mpu_set_compass_sample_rate              0x080038d5   Thumb Code    12  inv_mpu.o(.text)
    mpu_get_gyro_sens                        0x080038e1   Thumb Code    58  inv_mpu.o(.text)
    mpu_get_accel_sens                       0x0800391b   Thumb Code    78  inv_mpu.o(.text)
    mpu_get_fifo_config                      0x08003969   Thumb Code    12  inv_mpu.o(.text)
    mpu_get_power_state                      0x08003975   Thumb Code    22  inv_mpu.o(.text)
    mpu_get_int_status                       0x0800398b   Thumb Code    64  inv_mpu.o(.text)
    mpu_read_fifo                            0x080039cb   Thumb Code   500  inv_mpu.o(.text)
    mpu_read_fifo_stream                     0x08003bbf   Thumb Code   186  inv_mpu.o(.text)
    mpu_set_int_level                        0x08003c79   Thumb Code    12  inv_mpu.o(.text)
    mpu_set_dmp_state                        0x08004391   Thumb Code   138  inv_mpu.o(.text)
    mpu_run_self_test                        0x0800441b   Thumb Code   292  inv_mpu.o(.text)
    mpu_write_mem                            0x0800453f   Thumb Code   122  inv_mpu.o(.text)
    mpu_read_mem                             0x080045b9   Thumb Code   122  inv_mpu.o(.text)
    mpu_load_firmware                        0x08004633   Thumb Code   180  inv_mpu.o(.text)
    mpu_get_dmp_state                        0x080046e7   Thumb Code    14  inv_mpu.o(.text)
    mpu_get_compass_reg                      0x080046f5   Thumb Code     8  inv_mpu.o(.text)
    mpu_get_compass_fsr                      0x080046fd   Thumb Code     8  inv_mpu.o(.text)
    mpu_lp_motion_interrupt                  0x08004705   Thumb Code   230  inv_mpu.o(.text)
    dmp_load_motion_driver_firmware          0x080047f1   Thumb Code    20  inv_mpu_dmp_motion_driver.o(.text)
    dmp_set_orientation                      0x08004805   Thumb Code   290  inv_mpu_dmp_motion_driver.o(.text)
    dmp_set_gyro_bias                        0x08004927   Thumb Code   294  inv_mpu_dmp_motion_driver.o(.text)
    dmp_set_accel_bias                       0x08004a4d   Thumb Code   302  inv_mpu_dmp_motion_driver.o(.text)
    dmp_set_fifo_rate                        0x08004b7b   Thumb Code   138  inv_mpu_dmp_motion_driver.o(.text)
    dmp_get_fifo_rate                        0x08004c05   Thumb Code    12  inv_mpu_dmp_motion_driver.o(.text)
    dmp_set_tap_thresh                       0x08004c11   Thumb Code   396  inv_mpu_dmp_motion_driver.o(.text)
    dmp_set_tap_axes                         0x08004d9d   Thumb Code    70  inv_mpu_dmp_motion_driver.o(.text)
    dmp_set_tap_count                        0x08004de3   Thumb Code    38  inv_mpu_dmp_motion_driver.o(.text)
    dmp_set_tap_time                         0x08004e09   Thumb Code    38  inv_mpu_dmp_motion_driver.o(.text)
    dmp_set_tap_time_multi                   0x08004e2f   Thumb Code    38  inv_mpu_dmp_motion_driver.o(.text)
    dmp_set_shake_reject_thresh              0x08004e55   Thumb Code    56  inv_mpu_dmp_motion_driver.o(.text)
    dmp_set_shake_reject_time                0x08004e8d   Thumb Code    38  inv_mpu_dmp_motion_driver.o(.text)
    dmp_set_shake_reject_timeout             0x08004eb3   Thumb Code    38  inv_mpu_dmp_motion_driver.o(.text)
    dmp_get_pedometer_step_count             0x08004ed9   Thumb Code    66  inv_mpu_dmp_motion_driver.o(.text)
    dmp_set_pedometer_step_count             0x08004f1b   Thumb Code    42  inv_mpu_dmp_motion_driver.o(.text)
    dmp_get_pedometer_walk_time              0x08004f45   Thumb Code    72  inv_mpu_dmp_motion_driver.o(.text)
    dmp_set_pedometer_walk_time              0x08004f8d   Thumb Code    48  inv_mpu_dmp_motion_driver.o(.text)
    dmp_enable_6x_lp_quat                    0x08004fbd   Thumb Code    84  inv_mpu_dmp_motion_driver.o(.text)
    dmp_enable_lp_quat                       0x08005011   Thumb Code    60  inv_mpu_dmp_motion_driver.o(.text)
    dmp_enable_gyro_cal                      0x0800504d   Thumb Code    62  inv_mpu_dmp_motion_driver.o(.text)
    dmp_enable_feature                       0x0800508b   Thumb Code   530  inv_mpu_dmp_motion_driver.o(.text)
    dmp_get_enabled_features                 0x0800529d   Thumb Code    12  inv_mpu_dmp_motion_driver.o(.text)
    dmp_set_interrupt_mode                   0x08005307   Thumb Code    66  inv_mpu_dmp_motion_driver.o(.text)
    dmp_read_fifo                            0x08005349   Thumb Code   514  inv_mpu_dmp_motion_driver.o(.text)
    dmp_register_tap_cb                      0x0800554b   Thumb Code    10  inv_mpu_dmp_motion_driver.o(.text)
    dmp_register_android_orient_cb           0x08005555   Thumb Code    10  inv_mpu_dmp_motion_driver.o(.text)
    fputcc                                   0x08005565   Thumb Code    30  log_stm32.o(.text)
    _MLPrintLog                              0x08005583   Thumb Code   200  log_stm32.o(.text)
    eMPL_send_quat                           0x0800564b   Thumb Code   186  log_stm32.o(.text)
    eMPL_send_data                           0x08005705   Thumb Code   404  log_stm32.o(.text)
    inv_get_sensor_type_accel                0x0800589d   Thumb Code    36  empl_outputs.o(.text)
    inv_get_sensor_type_gyro                 0x080058c1   Thumb Code    36  empl_outputs.o(.text)
    inv_get_sensor_type_compass              0x080058e5   Thumb Code    36  empl_outputs.o(.text)
    inv_get_sensor_type_quat                 0x08005909   Thumb Code    32  empl_outputs.o(.text)
    inv_get_sensor_type_heading              0x08005929   Thumb Code   176  empl_outputs.o(.text)
    inv_get_sensor_type_euler                0x080059d9   Thumb Code   536  empl_outputs.o(.text)
    inv_get_sensor_type_rot_mat              0x08005bf1   Thumb Code    36  empl_outputs.o(.text)
    inv_enable_eMPL_outputs                  0x08005d3f   Thumb Code    22  empl_outputs.o(.text)
    inv_disable_eMPL_outputs                 0x08005d55   Thumb Code    14  empl_outputs.o(.text)
    inv_disable_compass_soft_iron_matrix     0x08005dc9   Thumb Code    10  data_builder.o(.text)
    inv_reset_compass_soft_iron_matrix       0x08005dd3   Thumb Code    70  data_builder.o(.text)
    inv_init_data_builder                    0x08005e19   Thumb Code    44  data_builder.o(.text)
    inv_get_gyro_sensitivity                 0x08005e45   Thumb Code     6  data_builder.o(.text)
    inv_get_accel_sensitivity                0x08005e4b   Thumb Code     6  data_builder.o(.text)
    inv_get_compass_sensitivity              0x08005e51   Thumb Code     8  data_builder.o(.text)
    set_sensor_orientation_and_scale         0x08005e59   Thumb Code     6  data_builder.o(.text)
    inv_set_gyro_orientation_and_scale       0x08005e5f   Thumb Code    18  data_builder.o(.text)
    inv_set_gyro_sample_rate                 0x08005e71   Thumb Code    32  data_builder.o(.text)
    inv_set_accel_sample_rate                0x08005e91   Thumb Code    36  data_builder.o(.text)
    inv_set_compass_sample_rate              0x08005eb5   Thumb Code    40  data_builder.o(.text)
    inv_get_gyro_sample_rate_ms              0x08005edd   Thumb Code     8  data_builder.o(.text)
    inv_get_accel_sample_rate_ms             0x08005ee5   Thumb Code     8  data_builder.o(.text)
    inv_get_compass_sample_rate_ms           0x08005eed   Thumb Code    10  data_builder.o(.text)
    inv_set_quat_sample_rate                 0x08005ef7   Thumb Code    22  data_builder.o(.text)
    inv_set_gyro_bandwidth                   0x08005f0d   Thumb Code     6  data_builder.o(.text)
    inv_set_accel_bandwidth                  0x08005f13   Thumb Code     8  data_builder.o(.text)
    inv_set_compass_bandwidth                0x08005f1b   Thumb Code     8  data_builder.o(.text)
    inv_get_compass_on                       0x08005f23   Thumb Code    12  data_builder.o(.text)
    inv_get_gyro_on                          0x08005f2f   Thumb Code    10  data_builder.o(.text)
    inv_get_accel_on                         0x08005f39   Thumb Code    12  data_builder.o(.text)
    inv_get_last_timestamp                   0x08005f45   Thumb Code    98  data_builder.o(.text)
    inv_set_accel_orientation_and_scale      0x08005fa7   Thumb Code    20  data_builder.o(.text)
    inv_set_compass_orientation_and_scale    0x08005fbb   Thumb Code    20  data_builder.o(.text)
    inv_matrix_vector_mult                   0x08005fcf   Thumb Code   110  data_builder.o(.text)
    inv_apply_calibration                    0x0800603d   Thumb Code   106  data_builder.o(.text)
    inv_get_compass_bias                     0x080060a7   Thumb Code    20  data_builder.o(.text)
    inv_set_compass_bias                     0x080060bb   Thumb Code    66  data_builder.o(.text)
    inv_set_compass_disturbance              0x080060fd   Thumb Code    10  data_builder.o(.text)
    inv_get_compass_disturbance              0x08006107   Thumb Code    10  data_builder.o(.text)
    inv_set_accel_bias                       0x08006111   Thumb Code    92  data_builder.o(.text)
    inv_set_accel_accuracy                   0x0800616d   Thumb Code    26  data_builder.o(.text)
    inv_set_accel_bias_mask                  0x08006187   Thumb Code    84  data_builder.o(.text)
    inv_set_gyro_bias                        0x080061db   Thumb Code   106  data_builder.o(.text)
    inv_get_gyro_bias_tc_set                 0x08006245   Thumb Code    26  data_builder.o(.text)
    inv_get_gyro_bias                        0x0800625f   Thumb Code    32  data_builder.o(.text)
    inv_get_accel_bias                       0x0800627f   Thumb Code    32  data_builder.o(.text)
    inv_build_accel                          0x0800629f   Thumb Code   128  data_builder.o(.text)
    inv_build_gyro                           0x0800631f   Thumb Code    48  data_builder.o(.text)
    inv_get_compass_soft_iron_output_data    0x0800634f   Thumb Code    24  data_builder.o(.text)
    inv_set_compass_soft_iron_input_data     0x08006367   Thumb Code    72  data_builder.o(.text)
    inv_build_compass                        0x080063af   Thumb Code   168  data_builder.o(.text)
    inv_build_temp                           0x08006457   Thumb Code    38  data_builder.o(.text)
    inv_build_quat                           0x0800647d   Thumb Code    56  data_builder.o(.text)
    inv_accel_was_turned_off                 0x080064b5   Thumb Code     8  data_builder.o(.text)
    inv_compass_was_turned_off               0x080064bd   Thumb Code    10  data_builder.o(.text)
    inv_quaternion_sensor_was_turned_off     0x080064c7   Thumb Code    10  data_builder.o(.text)
    inv_gyro_was_turned_off                  0x080064d1   Thumb Code     8  data_builder.o(.text)
    inv_temperature_was_turned_off           0x080064d9   Thumb Code    10  data_builder.o(.text)
    inv_register_data_cb                     0x080064e3   Thumb Code   246  data_builder.o(.text)
    inv_unregister_data_cb                   0x080065d9   Thumb Code    96  data_builder.o(.text)
    inv_execute_on_data                      0x08006753   Thumb Code   152  data_builder.o(.text)
    inv_get_accel_set                        0x080067eb   Thumb Code    40  data_builder.o(.text)
    inv_get_gyro_set                         0x08006813   Thumb Code    34  data_builder.o(.text)
    inv_get_gyro_set_raw                     0x08006835   Thumb Code    34  data_builder.o(.text)
    inv_get_gyro                             0x08006857   Thumb Code    12  data_builder.o(.text)
    inv_get_compass_set                      0x08006863   Thumb Code    58  data_builder.o(.text)
    inv_get_temp_set                         0x0800689d   Thumb Code    30  data_builder.o(.text)
    inv_get_gyro_accuracy                    0x080068bb   Thumb Code     6  data_builder.o(.text)
    inv_get_mag_accuracy                     0x080068c1   Thumb Code    22  data_builder.o(.text)
    inv_get_accel_accuracy                   0x080068d7   Thumb Code     6  data_builder.o(.text)
    inv_get_gyro_orient                      0x080068dd   Thumb Code    12  data_builder.o(.text)
    inv_get_accel_orient                     0x080068e9   Thumb Code    12  data_builder.o(.text)
    inv_get_compass_soft_iron_matrix_d       0x080068f5   Thumb Code    24  data_builder.o(.text)
    inv_set_compass_soft_iron_matrix_d       0x0800690d   Thumb Code    58  data_builder.o(.text)
    inv_get_compass_soft_iron_matrix_f       0x08006947   Thumb Code    46  data_builder.o(.text)
    inv_set_compass_soft_iron_matrix_f       0x08006975   Thumb Code    54  data_builder.o(.text)
    inv_get_compass_soft_iron_input_data     0x080069ab   Thumb Code    26  data_builder.o(.text)
    inv_enable_compass_soft_iron_matrix      0x080069c5   Thumb Code    10  data_builder.o(.text)
    inv_get_sensor_type_accelerometer        0x080069d9   Thumb Code    92  hal_outputs.o(.text)
    inv_get_sensor_type_linear_acceleration  0x08006a35   Thumb Code   110  hal_outputs.o(.text)
    inv_get_sensor_type_gravity              0x08006aa3   Thumb Code    86  hal_outputs.o(.text)
    inv_get_sensor_type_gyroscope            0x08006af9   Thumb Code    92  hal_outputs.o(.text)
    inv_get_sensor_type_gyroscope_raw        0x08006b55   Thumb Code    92  hal_outputs.o(.text)
    inv_get_sensor_type_rotation_vector      0x08006bb1   Thumb Code   216  hal_outputs.o(.text)
    inv_get_sensor_type_magnetic_field       0x08006c89   Thumb Code    68  hal_outputs.o(.text)
    inv_get_sensor_type_orientation          0x08006df1   Thumb Code    34  hal_outputs.o(.text)
    inv_generate_hal_outputs                 0x08006e13   Thumb Code   482  hal_outputs.o(.text)
    inv_stop_hal_outputs                     0x08006ff5   Thumb Code    16  hal_outputs.o(.text)
    inv_start_hal_outputs                    0x08007005   Thumb Code    22  hal_outputs.o(.text)
    inv_init_hal_outputs                     0x0800701b   Thumb Code    46  hal_outputs.o(.text)
    inv_enable_hal_outputs                   0x08007049   Thumb Code    20  hal_outputs.o(.text)
    inv_disable_hal_outputs                  0x0800705d   Thumb Code    20  hal_outputs.o(.text)
    inv_set_message                          0x08007079   Thumb Code    24  message_layer.o(.text)
    inv_get_message_level_0                  0x08007091   Thumb Code    16  message_layer.o(.text)
    inv_sinf                                 0x080070a5   Thumb Code    42  ml_math_func.o(.text)
    inv_cosf                                 0x080070cf   Thumb Code    44  ml_math_func.o(.text)
    inv_q30_mult                             0x080070fb   Thumb Code    18  ml_math_func.o(.text)
    inv_q_mult                               0x0800710d   Thumb Code   178  ml_math_func.o(.text)
    inv_q_invert                             0x080071bf   Thumb Code    24  ml_math_func.o(.text)
    inv_compass_angle                        0x080071d7   Thumb Code   162  ml_math_func.o(.text)
    inv_get_gyro_sum_of_sqr                  0x08007279   Thumb Code    28  ml_math_func.o(.text)
    inv_q29_mult                             0x08007295   Thumb Code    18  ml_math_func.o(.text)
    inv_q30_div                              0x080072a7   Thumb Code    40  ml_math_func.o(.text)
    inv_q_shift_mult                         0x080072cf   Thumb Code    32  ml_math_func.o(.text)
    inv_q_add                                0x080072ef   Thumb Code    36  ml_math_func.o(.text)
    inv_vector_normalize                     0x08007313   Thumb Code   182  ml_math_func.o(.text)
    inv_q_normalize                          0x080073c9   Thumb Code    14  ml_math_func.o(.text)
    quaternion_to_rotation_angle             0x080073d7   Thumb Code   112  ml_math_func.o(.text)
    inv_q_rotate                             0x08007447   Thumb Code    66  ml_math_func.o(.text)
    inv_q_multf                              0x08007489   Thumb Code   304  ml_math_func.o(.text)
    inv_q_addf                               0x080075b9   Thumb Code    50  ml_math_func.o(.text)
    inv_q_normalizef                         0x080075eb   Thumb Code   366  ml_math_func.o(.text)
    inv_q_norm4                              0x08007759   Thumb Code   146  ml_math_func.o(.text)
    inv_q_invertf                            0x080077eb   Thumb Code    30  ml_math_func.o(.text)
    inv_quaternion_to_rotation               0x08007809   Thumb Code   218  ml_math_func.o(.text)
    inv_quaternion_to_rotation_vector        0x080078e3   Thumb Code    60  ml_math_func.o(.text)
    inv_int32_to_big8                        0x0800791f   Thumb Code    20  ml_math_func.o(.text)
    inv_big8_to_int32                        0x08007933   Thumb Code    26  ml_math_func.o(.text)
    inv_big8_to_int16                        0x0800794d   Thumb Code    14  ml_math_func.o(.text)
    inv_little8_to_int16                     0x0800795b   Thumb Code    14  ml_math_func.o(.text)
    inv_int16_to_big8                        0x08007969   Thumb Code    12  ml_math_func.o(.text)
    inv_matrix_det_inc                       0x08007975   Thumb Code   100  ml_math_func.o(.text)
    inv_matrix_det_incd                      0x080079d9   Thumb Code   108  ml_math_func.o(.text)
    inv_matrix_det                           0x08007a45   Thumb Code   160  ml_math_func.o(.text)
    inv_matrix_detd                          0x08007ae5   Thumb Code   220  ml_math_func.o(.text)
    inv_wrap_angle                           0x08007bc1   Thumb Code    56  ml_math_func.o(.text)
    inv_angle_diff                           0x08007bf9   Thumb Code    90  ml_math_func.o(.text)
    inv_checksum                             0x08007c53   Thumb Code    30  ml_math_func.o(.text)
    inv_orientation_matrix_to_scalar         0x08007cbf   Thumb Code    40  ml_math_func.o(.text)
    inv_convert_to_body                      0x08007ce7   Thumb Code    82  ml_math_func.o(.text)
    inv_convert_to_chip                      0x08007d39   Thumb Code    82  ml_math_func.o(.text)
    inv_convert_to_body_with_scale           0x08007d8b   Thumb Code   114  ml_math_func.o(.text)
    inv_vector_norm                          0x08007dfd   Thumb Code    66  ml_math_func.o(.text)
    inv_init_biquad_filter                   0x08007e3f   Thumb Code    34  ml_math_func.o(.text)
    inv_calc_state_to_match_output           0x08007e61   Thumb Code    50  ml_math_func.o(.text)
    inv_biquad_filter_process                0x08007e93   Thumb Code   104  ml_math_func.o(.text)
    inv_get_cross_product_vec                0x08007efb   Thumb Code    98  ml_math_func.o(.text)
    mlMatrixVectorMult                       0x08007f5d   Thumb Code    62  ml_math_func.o(.text)
    inv_init_mpl                             0x08007ff9   Thumb Code   106  mpl.o(.text)
    inv_get_version                          0x08008063   Thumb Code    10  mpl.o(.text)
    inv_start_mpl                            0x0800806d   Thumb Code    38  mpl.o(.text)
    inv_store_gaming_quaternion              0x080080d9   Thumb Code    30  results_holder.o(.text)
    inv_set_compass_correction               0x080080f7   Thumb Code    30  results_holder.o(.text)
    inv_get_compass_correction               0x08008115   Thumb Code    20  results_holder.o(.text)
    inv_get_large_mag_field                  0x08008129   Thumb Code     6  results_holder.o(.text)
    inv_set_large_mag_field                  0x0800812f   Thumb Code     6  results_holder.o(.text)
    inv_get_acc_state                        0x08008135   Thumb Code     6  results_holder.o(.text)
    inv_set_acc_state                        0x0800813b   Thumb Code     6  results_holder.o(.text)
    inv_get_motion_state                     0x08008141   Thumb Code    16  results_holder.o(.text)
    inv_set_motion_state                     0x08008151   Thumb Code    74  results_holder.o(.text)
    inv_set_local_field                      0x0800819b   Thumb Code    14  results_holder.o(.text)
    inv_get_local_field                      0x080081a9   Thumb Code    12  results_holder.o(.text)
    inv_set_mag_scale                        0x080081b5   Thumb Code    14  results_holder.o(.text)
    inv_get_mag_scale                        0x080081c3   Thumb Code    12  results_holder.o(.text)
    inv_get_gravity                          0x080081cf   Thumb Code    90  results_holder.o(.text)
    inv_get_6axis_quaternion                 0x08008229   Thumb Code    18  results_holder.o(.text)
    inv_get_quaternion                       0x0800823b   Thumb Code    54  results_holder.o(.text)
    inv_get_quaternion_float                 0x08008271   Thumb Code    50  results_holder.o(.text)
    inv_get_quaternion_set                   0x080082a3   Thumb Code    68  results_holder.o(.text)
    inv_generate_results                     0x080082e7   Thumb Code    12  results_holder.o(.text)
    inv_start_results_holder                 0x080082f3   Thumb Code    20  results_holder.o(.text)
    inv_init_results_holder                  0x08008307   Thumb Code    46  results_holder.o(.text)
    inv_enable_results_holder                0x08008335   Thumb Code    28  results_holder.o(.text)
    inv_got_accel_bias                       0x08008351   Thumb Code     6  results_holder.o(.text)
    inv_set_accel_bias_found                 0x08008357   Thumb Code     6  results_holder.o(.text)
    inv_got_compass_bias                     0x0800835d   Thumb Code     6  results_holder.o(.text)
    inv_set_compass_bias_found               0x08008363   Thumb Code     6  results_holder.o(.text)
    inv_set_compass_state                    0x08008369   Thumb Code     6  results_holder.o(.text)
    inv_get_compass_state                    0x0800836f   Thumb Code     6  results_holder.o(.text)
    inv_set_compass_bias_error               0x08008375   Thumb Code    14  results_holder.o(.text)
    inv_get_compass_bias_error               0x08008383   Thumb Code    12  results_holder.o(.text)
    inv_get_linear_accel                     0x0800838f   Thumb Code    60  results_holder.o(.text)
    inv_get_accel                            0x080083cb   Thumb Code    24  results_holder.o(.text)
    inv_get_accel_float                      0x080083e3   Thumb Code    56  results_holder.o(.text)
    inv_get_gyro_float                       0x0800841b   Thumb Code    58  results_holder.o(.text)
    inv_set_heading_confidence_interval      0x08008455   Thumb Code     8  results_holder.o(.text)
    inv_get_heading_confidence_interval      0x0800845d   Thumb Code     8  results_holder.o(.text)
    inv_get_linear_accel_float               0x08008465   Thumb Code    56  results_holder.o(.text)
    inv_init_start_manager                   0x080084bd   Thumb Code    14  start_manager.o(.text)
    inv_unregister_mpl_start_notification    0x080084cb   Thumb Code    86  start_manager.o(.text)
    inv_register_mpl_start_notification      0x08008521   Thumb Code    38  start_manager.o(.text)
    inv_execute_mpl_start_notification       0x08008547   Thumb Code    40  start_manager.o(.text)
    inv_init_storage_manager                 0x08008575   Thumb Code    20  storage_manager.o(.text)
    inv_register_load_store                  0x08008589   Thumb Code   134  storage_manager.o(.text)
    inv_get_mpl_state_size                   0x0800860f   Thumb Code    12  storage_manager.o(.text)
    inv_load_mpl_states                      0x08008647   Thumb Code   174  storage_manager.o(.text)
    inv_save_mpl_states                      0x080086f5   Thumb Code   158  storage_manager.o(.text)
    inv_init_maxmin                          0x08008799   Thumb Code    78  fast_no_motion.o(.text)
    inv_fast_nomot_parameter                 0x080087e7   Thumb Code   318  fast_no_motion.o(.text)
    inv_fast_nomot_parameter_3rd             0x08008925   Thumb Code   180  fast_no_motion.o(.text)
    inv_fast_nomot_set_gyro_bias             0x080089d9   Thumb Code   232  fast_no_motion.o(.text)
    inv_set_fast_nomot_compass_threshold     0x08008ac1   Thumb Code     8  fast_no_motion.o(.text)
    int_set_fast_nomot_gyro_threshold        0x08008ac9   Thumb Code     8  fast_no_motion.o(.text)
    inv_set_fast_nomot_accel_threshold       0x08008ad1   Thumb Code     8  fast_no_motion.o(.text)
    inv_get_fast_nomot_compass_param         0x08008ad9   Thumb Code    18  fast_no_motion.o(.text)
    inv_get_fast_nomot_accel_param           0x08008aeb   Thumb Code    18  fast_no_motion.o(.text)
    inv_fast_nomot_store_data                0x08008afd   Thumb Code   140  fast_no_motion.o(.text)
    inv_fast_nomot_store_data_compass        0x08008b89   Thumb Code    74  fast_no_motion.o(.text)
    inv_fast_nomot_reset_data_compass        0x08008bd3   Thumb Code    36  fast_no_motion.o(.text)
    inv_fast_nomot_get_time_elaps            0x08008bf7   Thumb Code     8  fast_no_motion.o(.text)
    inv_fast_nomot_parameter_compass         0x08008bff   Thumb Code    22  fast_no_motion.o(.text)
    inv_get_right_shift_by_rounding          0x08008c15   Thumb Code    76  fast_no_motion.o(.text)
    inv_reset_min_max_gyro_accel_statistics  0x08008c61   Thumb Code    38  fast_no_motion.o(.text)
    inv_record_max_moment_in_no_motion_gyro  0x08008c87   Thumb Code    32  fast_no_motion.o(.text)
    inv_record_max_moment_in_no_motion_accel 0x08008ca7   Thumb Code    32  fast_no_motion.o(.text)
    inv_record_min_moment_in_motion_gyro     0x08008cc7   Thumb Code    34  fast_no_motion.o(.text)
    inv_record_min_moment_in_motion_accel    0x08008ce9   Thumb Code    34  fast_no_motion.o(.text)
    inv_detect_motion_by_gyro_accel          0x08008d0b   Thumb Code   214  fast_no_motion.o(.text)
    inv_sensor_data_preprocess               0x08008de1   Thumb Code   132  fast_no_motion.o(.text)
    inv_generate_fast_nomot                  0x08008e65   Thumb Code   498  fast_no_motion.o(.text)
    inv_set_default_number_of_samples        0x08009057   Thumb Code    56  fast_no_motion.o(.text)
    inv_init_fast_nomot                      0x0800908f   Thumb Code    78  fast_no_motion.o(.text)
    inv_start_fast_nomot                     0x080090dd   Thumb Code    56  fast_no_motion.o(.text)
    inv_stop_fast_nomot                      0x08009115   Thumb Code    20  fast_no_motion.o(.text)
    inv_enable_fast_nomot                    0x08009129   Thumb Code    24  fast_no_motion.o(.text)
    inv_disable_fast_nomot                   0x08009141   Thumb Code    18  fast_no_motion.o(.text)
    inv_get_fnm_gyro_no_motion_param         0x08009153   Thumb Code     8  fast_no_motion.o(.text)
    inv_fnm_debug_print                      0x0800915b   Thumb Code     2  fast_no_motion.o(.text)
    inv_filter_correction_angle              0x0800918d   Thumb Code   364  fusion_9axis.o(.text)
    inv_perform_9x_fusion                    0x080092f9   Thumb Code   840  fusion_9axis.o(.text)
    inv_process_9x_sensor_fusion_cb          0x08009641   Thumb Code   120  fusion_9axis.o(.text)
    inv_init_9x_fusion                       0x080096b9   Thumb Code    50  fusion_9axis.o(.text)
    inv_9x_fusion_set_mag_fb                 0x080096eb   Thumb Code    10  fusion_9axis.o(.text)
    inv_9x_fusion_enable_jitter_reduction    0x080096f5   Thumb Code    10  fusion_9axis.o(.text)
    inv_9x_fusion_use_timestamps             0x080096ff   Thumb Code    10  fusion_9axis.o(.text)
    inv_start_9x_sensor_fusion               0x08009709   Thumb Code    14  fusion_9axis.o(.text)
    inv_stop_9x_sensor_fusion                0x08009717   Thumb Code     8  fusion_9axis.o(.text)
    inv_enable_9x_sensor_fusion              0x0800971f   Thumb Code    30  fusion_9axis.o(.text)
    inv_disable_9x_sensor_fusion             0x0800973d   Thumb Code     8  fusion_9axis.o(.text)
    inv_init_gyro_ts                         0x08009b63   Thumb Code    46  gyro_tc.o(.text)
    inv_set_gtc_max_temp                     0x08009b91   Thumb Code    10  gyro_tc.o(.text)
    inv_set_gtc_min_temp                     0x08009b9b   Thumb Code    10  gyro_tc.o(.text)
    inv_set_gtc_min_diff                     0x08009ba5   Thumb Code    10  gyro_tc.o(.text)
    inv_get_gyro_ts                          0x08009baf   Thumb Code    30  gyro_tc.o(.text)
    inv_set_gyro_ts                          0x08009bcd   Thumb Code    16  gyro_tc.o(.text)
    inv_set_gtc_order                        0x08009bdd   Thumb Code    16  gyro_tc.o(.text)
    inv_print_gtc_data                       0x08009bed   Thumb Code    62  gyro_tc.o(.text)
    inv_start_gyro_tc                        0x08009c2b   Thumb Code    10  gyro_tc.o(.text)
    inv_stop_gyro_tc                         0x08009c35   Thumb Code     6  gyro_tc.o(.text)
    inv_enable_gyro_tc                       0x08009c3b   Thumb Code    48  gyro_tc.o(.text)
    inv_disable_gyro_tc                      0x08009c6b   Thumb Code    40  gyro_tc.o(.text)
    inv_generate_gyro_quaternion             0x0800a035   Thumb Code   260  quaternion_supervisor.o(.text)
    inv_set_quaternion                       0x0800a327   Thumb Code    38  quaternion_supervisor.o(.text)
    inv_generate_accel_gyro_quaternion       0x0800a34d   Thumb Code   428  quaternion_supervisor.o(.text)
    inv_stop_quaternion                      0x0800a541   Thumb Code     6  quaternion_supervisor.o(.text)
    inv_init_quaternion                      0x0800a547   Thumb Code    34  quaternion_supervisor.o(.text)
    inv_start_quaternion                     0x0800a569   Thumb Code    34  quaternion_supervisor.o(.text)
    inv_enable_quaternion                    0x0800a58b   Thumb Code    24  quaternion_supervisor.o(.text)
    inv_disable_quaternion                   0x0800a5a3   Thumb Code    20  quaternion_supervisor.o(.text)
    inv_set_magnetic_disturbance             0x0800a5e5   Thumb Code    16  mag_disturb.o(.text)
    inv_init_magnetic_disturbance            0x0800a5f5   Thumb Code    50  mag_disturb.o(.text)
    MagDisturbSetDisturbance                 0x0800a627   Thumb Code    98  mag_disturb.o(.text)
    MagDisturbCheckSettling                  0x0800a689   Thumb Code    54  mag_disturb.o(.text)
    ComputeAngleVelocity                     0x0800a6bf   Thumb Code    94  mag_disturb.o(.text)
    inv_disable_dip_tracking                 0x0800a71d   Thumb Code    10  mag_disturb.o(.text)
    Mag3ofNormalizedLong                     0x0800a727   Thumb Code    72  mag_disturb.o(.text)
    inv_track_dip_angle                      0x0800a76f   Thumb Code   114  mag_disturb.o(.text)
    inv_check_magnetic_disturbance           0x0800a7e1   Thumb Code   690  mag_disturb.o(.text)
    inv_magnetic_disturbance_process         0x0800aa93   Thumb Code    50  mag_disturb.o(.text)
    inv_start_magnetic_disturbance           0x0800aac5   Thumb Code    14  mag_disturb.o(.text)
    inv_stop_magnetic_disturbance            0x0800aad3   Thumb Code     8  mag_disturb.o(.text)
    inv_enable_magnetic_disturbance          0x0800aadb   Thumb Code    40  mag_disturb.o(.text)
    inv_disable_magnetic_disturbance         0x0800ab03   Thumb Code    22  mag_disturb.o(.text)
    inv_enable_dip_tracking                  0x0800ab19   Thumb Code    14  mag_disturb.o(.text)
    inv_get_magnetic_disturbance_state       0x0800ab27   Thumb Code     8  mag_disturb.o(.text)
    __aeabi_ldivmod                          0x0800ab35   Thumb Code    98  ldiv.o(.text)
    __aeabi_llsl                             0x0800ab97   Thumb Code    30  llshl.o(.text)
    _ll_shift_l                              0x0800ab97   Thumb Code     0  llshl.o(.text)
    __aeabi_lasr                             0x0800abb5   Thumb Code    36  llsshr.o(.text)
    _ll_sshift_r                             0x0800abb5   Thumb Code     0  llsshr.o(.text)
    ___aeabi_memcpy4$move                    0x0800abd9   Thumb Code     0  memmovea.o(.text)
    ___aeabi_memcpy8$move                    0x0800abd9   Thumb Code     0  memmovea.o(.text)
    __aeabi_memcpy                           0x0800abd9   Thumb Code    64  memmovea.o(.text)
    __aeabi_memmove                          0x0800abd9   Thumb Code     0  memmovea.o(.text)
    __aeabi_memmove4                         0x0800abd9   Thumb Code     0  memmovea.o(.text)
    __aeabi_memmove8                         0x0800abd9   Thumb Code     0  memmovea.o(.text)
    __aeabi_memset                           0x0800ac19   Thumb Code    14  memseta.o(.text)
    __aeabi_memset4                          0x0800ac19   Thumb Code     0  memseta.o(.text)
    __aeabi_memset8                          0x0800ac19   Thumb Code     0  memseta.o(.text)
    __aeabi_memclr                           0x0800ac27   Thumb Code     4  memseta.o(.text)
    __aeabi_memclr4                          0x0800ac27   Thumb Code     0  memseta.o(.text)
    __aeabi_memclr8                          0x0800ac27   Thumb Code     0  memseta.o(.text)
    _memset$wrapper                          0x0800ac2b   Thumb Code    18  memseta.o(.text)
    memcmp                                   0x0800ac3d   Thumb Code    26  memcmp.o(.text)
    __aeabi_fadd                             0x0800ac57   Thumb Code   164  fadd.o(.text)
    __aeabi_fsub                             0x0800acfb   Thumb Code     6  fadd.o(.text)
    __aeabi_frsub                            0x0800ad01   Thumb Code     6  fadd.o(.text)
    __aeabi_fmul                             0x0800ad07   Thumb Code   100  fmul.o(.text)
    __aeabi_fdiv                             0x0800ad6b   Thumb Code   124  fdiv.o(.text)
    __ARM_scalbnf                            0x0800ade7   Thumb Code    24  fscalb.o(.text)
    scalbnf                                  0x0800ade7   Thumb Code     0  fscalb.o(.text)
    __aeabi_dadd                             0x0800adff   Thumb Code   322  dadd.o(.text)
    __aeabi_dsub                             0x0800af41   Thumb Code     6  dadd.o(.text)
    __aeabi_drsub                            0x0800af47   Thumb Code     6  dadd.o(.text)
    __aeabi_dmul                             0x0800af4d   Thumb Code   228  dmul.o(.text)
    __aeabi_ddiv                             0x0800b031   Thumb Code   222  ddiv.o(.text)
    __ARM_scalbn                             0x0800b10f   Thumb Code    46  dscalb.o(.text)
    scalbn                                   0x0800b10f   Thumb Code     0  dscalb.o(.text)
    __aeabi_i2f                              0x0800b13d   Thumb Code    18  fflti.o(.text)
    __aeabi_ui2f                             0x0800b14f   Thumb Code    10  ffltui.o(.text)
    __aeabi_l2f                              0x0800b159   Thumb Code    44  ffltl.o(.text)
    __aeabi_i2d                              0x0800b185   Thumb Code    34  dflti.o(.text)
    __aeabi_f2iz                             0x0800b1a7   Thumb Code    50  ffixi.o(.text)
    __aeabi_f2uiz                            0x0800b1d9   Thumb Code    40  ffixui.o(.text)
    __aeabi_f2lz                             0x0800b201   Thumb Code    66  ffixl.o(.text)
    __aeabi_d2iz                             0x0800b243   Thumb Code    62  dfixi.o(.text)
    __aeabi_f2d                              0x0800b281   Thumb Code    38  f2d.o(.text)
    __aeabi_cdcmpeq                          0x0800b2a9   Thumb Code     0  cdcmple.o(.text)
    __aeabi_cdcmple                          0x0800b2a9   Thumb Code    48  cdcmple.o(.text)
    __aeabi_cdrcmple                         0x0800b2d9   Thumb Code    48  cdrcmple.o(.text)
    __aeabi_d2f                              0x0800b309   Thumb Code    56  d2f.o(.text)
    __aeabi_cfcmpeq                          0x0800b341   Thumb Code     0  cfcmple.o(.text)
    __aeabi_cfcmple                          0x0800b341   Thumb Code    20  cfcmple.o(.text)
    __aeabi_cfrcmple                         0x0800b355   Thumb Code    20  cfrcmple.o(.text)
    __aeabi_uidiv                            0x0800b369   Thumb Code     0  uidiv.o(.text)
    __aeabi_uidivmod                         0x0800b369   Thumb Code    44  uidiv.o(.text)
    __aeabi_uldivmod                         0x0800b395   Thumb Code    98  uldiv.o(.text)
    __aeabi_llsr                             0x0800b3f7   Thumb Code    32  llushr.o(.text)
    _ll_ushift_r                             0x0800b3f7   Thumb Code     0  llushr.o(.text)
    __I$use$fp                               0x0800b417   Thumb Code     0  iusefp.o(.text)
    _float_round                             0x0800b417   Thumb Code    18  fepilogue.o(.text)
    _float_epilogue                          0x0800b429   Thumb Code    92  fepilogue.o(.text)
    _fsqrt                                   0x0800b485   Thumb Code    94  fsqrt.o(.text)
    _frnd                                    0x0800b4e3   Thumb Code    60  frnd.o(.text)
    _double_round                            0x0800b51f   Thumb Code    30  depilogue.o(.text)
    _double_epilogue                         0x0800b53d   Thumb Code   156  depilogue.o(.text)
    _dsqrt                                   0x0800b5d9   Thumb Code   162  dsqrt.o(.text)
    __aeabi_d2ulz                            0x0800b67b   Thumb Code    48  dfixul.o(.text)
    __scatterload                            0x0800b6ad   Thumb Code    28  init.o(.text)
    __scatterload_rt2                        0x0800b6ad   Thumb Code     0  init.o(.text)
    __0printf                                0x0800b6d1   Thumb Code    22  printfa.o(i.__0printf)
    __1printf                                0x0800b6d1   Thumb Code     0  printfa.o(i.__0printf)
    __2printf                                0x0800b6d1   Thumb Code     0  printfa.o(i.__0printf)
    __c89printf                              0x0800b6d1   Thumb Code     0  printfa.o(i.__0printf)
    printf                                   0x0800b6d1   Thumb Code     0  printfa.o(i.__0printf)
    __0vsprintf                              0x0800b6f1   Thumb Code    30  printfa.o(i.__0vsprintf)
    __1vsprintf                              0x0800b6f1   Thumb Code     0  printfa.o(i.__0vsprintf)
    __2vsprintf                              0x0800b6f1   Thumb Code     0  printfa.o(i.__0vsprintf)
    __c89vsprintf                            0x0800b6f1   Thumb Code     0  printfa.o(i.__0vsprintf)
    vsprintf                                 0x0800b6f1   Thumb Code     0  printfa.o(i.__0vsprintf)
    __ARM_fpclassifyf                        0x0800b715   Thumb Code    38  fpclassifyf.o(i.__ARM_fpclassifyf)
    __kernel_poly                            0x0800b73b   Thumb Code   170  poly.o(i.__kernel_poly)
    __mathlib_dbl_infnan                     0x0800b7e5   Thumb Code     6  dunder.o(i.__mathlib_dbl_infnan)
    __mathlib_dbl_invalid                    0x0800b7eb   Thumb Code    12  dunder.o(i.__mathlib_dbl_invalid)
    __mathlib_flt_infnan                     0x0800b7f7   Thumb Code     6  funder.o(i.__mathlib_flt_infnan)
    __mathlib_flt_infnan2                    0x0800b7fd   Thumb Code     4  funder.o(i.__mathlib_flt_infnan2)
    __mathlib_flt_invalid                    0x0800b801   Thumb Code     8  funder.o(i.__mathlib_flt_invalid)
    __mathlib_flt_underflow                  0x0800b809   Thumb Code    10  funder.o(i.__mathlib_flt_underflow)
    __mathlib_rredf2                         0x0800b815   Thumb Code   344  rredf.o(i.__mathlib_rredf2)
    __scatterload_copy                       0x0800b97d   Thumb Code    14  handlers.o(i.__scatterload_copy)
    __scatterload_null                       0x0800b98b   Thumb Code     2  handlers.o(i.__scatterload_null)
    __scatterload_zeroinit                   0x0800b98d   Thumb Code    14  handlers.o(i.__scatterload_zeroinit)
    __set_errno                              0x0800b99d   Thumb Code     6  errno.o(i.__set_errno)
    acos                                     0x0800c265   Thumb Code   574  acos.o(i.acos)
    acosf                                    0x0800c4e1   Thumb Code   242  acosf.o(i.acosf)
    asinf                                    0x0800c5fd   Thumb Code   254  asinf.o(i.asinf)
    atan2f                                   0x0800c721   Thumb Code   528  atan2f.o(i.atan2f)
    cosf                                     0x0800c97d   Thumb Code   328  cosf.o(i.cosf)
    sinf                                     0x0800caf9   Thumb Code   338  sinf.o(i.sinf)
    sqrt                                     0x0800cc81   Thumb Code    76  sqrt.o(i.sqrt)
    sqrtf                                    0x0800cccd   Thumb Code    44  sqrtf.o(i.sqrtf)
    reg                                      0x0800ccf8   Data          30  inv_mpu.o(.constdata)
    hw                                       0x0800cd16   Data          12  inv_mpu.o(.constdata)
    test                                     0x0800cd24   Data          40  inv_mpu.o(.constdata)
    sin_lookup                               0x0800d944   Data        1024  ml_math_func.o(.constdata)
    ml_ver                                   0x0800dd44   Data          20  mpl.o(.constdata)
    Region$$Table$$Base                      0x0800de38   Number         0  anon$$obj.o(Region$$Table)
    Region$$Table$$Limit                     0x0800de58   Number         0  anon$$obj.o(Region$$Table)
    SystemCoreClock                          0x20000000   Data           4  system_stm32f10x.o(.data)
    AHBPrescTable                            0x20000004   Data          16  system_stm32f10x.o(.data)
    hal_timestamp                            0x20000028   Data           4  main.o(.data)
    rx_new                                   0x2000002c   Data           1  main.o(.data)
    mpl_key                                  0x20000030   Data           4  main.o(.data)
    Task_Delay                               0x20000040   Data           8  stm32f10x_it.o(.data)
    g_ul_ms_ticks                            0x20000048   Data           4  bsp_systick.o(.data)
    compass_low_pass_filter_coeff            0x20000084   Data          20  hal_outputs.o(.data)
    __stdout                                 0x2000009c   Data           4  stdout.o(.data)
    sensors                                  0x20000240   Data         408  data_builder.o(.bss)
    fnm                                      0x20000710   Data         608  fast_no_motion.o(.bss)
    s9axis                                   0x200009b0   Data         312  fusion_9axis.o(.bss)
    mag_disturb                              0x20000d18   Data         184  mag_disturb.o(.bss)
    __initial_sp                             0x200011d0   Data           0  startup_stm32f10x_hd.o(STACK)



==============================================================================

Memory Map of the image

  Image Entry point : 0x08000131

  Load Region LR_IROM1 (Base: 0x08000000, Size: 0x0000defc, Max: 0x00080000, ABSOLUTE)

    Execution Region ER_IROM1 (Base: 0x08000000, Size: 0x0000de58, Max: 0x00080000, ABSOLUTE)

    Base Addr    Size         Type   Attr      Idx    E Section Name        Object

    0x08000000   0x00000130   Data   RO            3    RESET               startup_stm32f10x_hd.o
    0x08000130   0x00000000   Code   RO         1214  * .ARM.Collect$$$$00000000  mc_w.l(entry.o)
    0x08000130   0x00000004   Code   RO         1591    .ARM.Collect$$$$00000001  mc_w.l(entry2.o)
    0x08000134   0x00000004   Code   RO         1594    .ARM.Collect$$$$00000004  mc_w.l(entry5.o)
    0x08000138   0x00000000   Code   RO         1596    .ARM.Collect$$$$00000008  mc_w.l(entry7b.o)
    0x08000138   0x00000000   Code   RO         1598    .ARM.Collect$$$$0000000A  mc_w.l(entry8b.o)
    0x08000138   0x00000008   Code   RO         1599    .ARM.Collect$$$$0000000B  mc_w.l(entry9a.o)
    0x08000140   0x00000000   Code   RO         1601    .ARM.Collect$$$$0000000D  mc_w.l(entry10a.o)
    0x08000140   0x00000000   Code   RO         1603    .ARM.Collect$$$$0000000F  mc_w.l(entry11a.o)
    0x08000140   0x00000004   Code   RO         1592    .ARM.Collect$$$$00002712  mc_w.l(entry2.o)
    0x08000144   0x00000024   Code   RO            4    .text               startup_stm32f10x_hd.o
    0x08000168   0x000001e0   Code   RO           24    .text               system_stm32f10x.o
    0x08000348   0x000000dc   Code   RO          121    .text               misc.o
    0x08000424   0x0000011c   Code   RO          233    .text               stm32f10x_exti.o
    0x08000540   0x0000035c   Code   RO          269    .text               stm32f10x_gpio.o
    0x0800089c   0x000003a4   Code   RO          317    .text               stm32f10x_rcc.o
    0x08000c40   0x00000408   Code   RO          379    .text               stm32f10x_usart.o
    0x08001048   0x000011ac   Code   RO          403    .text               main.o
    0x080021f4   0x00000064   Code   RO          553    .text               stm32f10x_it.o
    0x08002258   0x00000060   Code   RO          572    .text               bsp_led.o
    0x080022b8   0x000000bc   Code   RO          587    .text               bsp_systick.o
    0x08002374   0x000000c4   Code   RO          606    .text               bsp_exti.o
    0x08002438   0x000000bc   Code   RO          653    .text               bsp_usart.o
    0x080024f4   0x0000040c   Code   RO          665    .text               bsp_i2c.o
    0x08002900   0x00001ef0   Code   RO          679    .text               inv_mpu.o
    0x080047f0   0x00000d74   Code   RO          695    .text               inv_mpu_dmp_motion_driver.o
    0x08005564   0x00000338   Code   RO          716    .text               log_stm32.o
    0x0800589c   0x000004d4   Code   RO          737    .text               empl_outputs.o
    0x08005d70   0x00000c68   Code   RO          754    .text               data_builder.o
    0x080069d8   0x000006a0   Code   RO          779    .text               hal_outputs.o
    0x08007078   0x0000002c   Code   RO          795    .text               message_layer.o
    0x080070a4   0x00000f38   Code   RO          809    .text               ml_math_func.o
    0x08007fdc   0x000000fc   Code   RO          839    .text               mpl.o
    0x080080d8   0x000003e4   Code   RO          857    .text               results_holder.o
    0x080084bc   0x000000b8   Code   RO          871    .text               start_manager.o
    0x08008574   0x00000224   Code   RO          885    .text               storage_manager.o
    0x08008798   0x000009f4   Code   RO          899    .text               libmpllib.lib(fast_no_motion.o)
    0x0800918c   0x0000065c   Code   RO          990    .text               libmpllib.lib(fusion_9axis.o)
    0x080097e8   0x000004bc   Code   RO         1015    .text               libmpllib.lib(gyro_tc.o)
    0x08009ca4   0x00000940   Code   RO         1036    .text               libmpllib.lib(quaternion_supervisor.o)
    0x0800a5e4   0x00000550   Code   RO         1054    .text               libmpllib.lib(mag_disturb.o)
    0x0800ab34   0x00000062   Code   RO         1217    .text               mc_w.l(ldiv.o)
    0x0800ab96   0x0000001e   Code   RO         1219    .text               mc_w.l(llshl.o)
    0x0800abb4   0x00000024   Code   RO         1221    .text               mc_w.l(llsshr.o)
    0x0800abd8   0x00000040   Code   RO         1225    .text               mc_w.l(memmovea.o)
    0x0800ac18   0x00000024   Code   RO         1227    .text               mc_w.l(memseta.o)
    0x0800ac3c   0x0000001a   Code   RO         1229    .text               mc_w.l(memcmp.o)
    0x0800ac56   0x000000b0   Code   RO         1495    .text               mf_w.l(fadd.o)
    0x0800ad06   0x00000064   Code   RO         1497    .text               mf_w.l(fmul.o)
    0x0800ad6a   0x0000007c   Code   RO         1499    .text               mf_w.l(fdiv.o)
    0x0800ade6   0x00000018   Code   RO         1501    .text               mf_w.l(fscalb.o)
    0x0800adfe   0x0000014e   Code   RO         1503    .text               mf_w.l(dadd.o)
    0x0800af4c   0x000000e4   Code   RO         1505    .text               mf_w.l(dmul.o)
    0x0800b030   0x000000de   Code   RO         1507    .text               mf_w.l(ddiv.o)
    0x0800b10e   0x0000002e   Code   RO         1509    .text               mf_w.l(dscalb.o)
    0x0800b13c   0x00000012   Code   RO         1511    .text               mf_w.l(fflti.o)
    0x0800b14e   0x0000000a   Code   RO         1513    .text               mf_w.l(ffltui.o)
    0x0800b158   0x0000002c   Code   RO         1515    .text               mf_w.l(ffltl.o)
    0x0800b184   0x00000022   Code   RO         1517    .text               mf_w.l(dflti.o)
    0x0800b1a6   0x00000032   Code   RO         1519    .text               mf_w.l(ffixi.o)
    0x0800b1d8   0x00000028   Code   RO         1521    .text               mf_w.l(ffixui.o)
    0x0800b200   0x00000042   Code   RO         1523    .text               mf_w.l(ffixl.o)
    0x0800b242   0x0000003e   Code   RO         1525    .text               mf_w.l(dfixi.o)
    0x0800b280   0x00000026   Code   RO         1527    .text               mf_w.l(f2d.o)
    0x0800b2a6   0x00000002   PAD
    0x0800b2a8   0x00000030   Code   RO         1529    .text               mf_w.l(cdcmple.o)
    0x0800b2d8   0x00000030   Code   RO         1531    .text               mf_w.l(cdrcmple.o)
    0x0800b308   0x00000038   Code   RO         1533    .text               mf_w.l(d2f.o)
    0x0800b340   0x00000014   Code   RO         1535    .text               mf_w.l(cfcmple.o)
    0x0800b354   0x00000014   Code   RO         1537    .text               mf_w.l(cfrcmple.o)
    0x0800b368   0x0000002c   Code   RO         1606    .text               mc_w.l(uidiv.o)
    0x0800b394   0x00000062   Code   RO         1608    .text               mc_w.l(uldiv.o)
    0x0800b3f6   0x00000020   Code   RO         1610    .text               mc_w.l(llushr.o)
    0x0800b416   0x00000000   Code   RO         1619    .text               mc_w.l(iusefp.o)
    0x0800b416   0x0000006e   Code   RO         1620    .text               mf_w.l(fepilogue.o)
    0x0800b484   0x0000005e   Code   RO         1622    .text               mf_w.l(fsqrt.o)
    0x0800b4e2   0x0000003c   Code   RO         1624    .text               mf_w.l(frnd.o)
    0x0800b51e   0x000000ba   Code   RO         1626    .text               mf_w.l(depilogue.o)
    0x0800b5d8   0x000000a2   Code   RO         1628    .text               mf_w.l(dsqrt.o)
    0x0800b67a   0x00000030   Code   RO         1630    .text               mf_w.l(dfixul.o)
    0x0800b6aa   0x00000002   PAD
    0x0800b6ac   0x00000024   Code   RO         1632    .text               mc_w.l(init.o)
    0x0800b6d0   0x00000020   Code   RO         1468    i.__0printf         mc_w.l(printfa.o)
    0x0800b6f0   0x00000024   Code   RO         1474    i.__0vsprintf       mc_w.l(printfa.o)
    0x0800b714   0x00000026   Code   RO         1558    i.__ARM_fpclassifyf  m_ws.l(fpclassifyf.o)
    0x0800b73a   0x000000aa   Code   RO         1574    i.__kernel_poly     m_ws.l(poly.o)
    0x0800b7e4   0x00000006   Code   RO         1543    i.__mathlib_dbl_infnan  m_ws.l(dunder.o)
    0x0800b7ea   0x0000000c   Code   RO         1545    i.__mathlib_dbl_invalid  m_ws.l(dunder.o)
    0x0800b7f6   0x00000006   Code   RO         1561    i.__mathlib_flt_infnan  m_ws.l(funder.o)
    0x0800b7fc   0x00000004   Code   RO         1562    i.__mathlib_flt_infnan2  m_ws.l(funder.o)
    0x0800b800   0x00000008   Code   RO         1563    i.__mathlib_flt_invalid  m_ws.l(funder.o)
    0x0800b808   0x0000000a   Code   RO         1566    i.__mathlib_flt_underflow  m_ws.l(funder.o)
    0x0800b812   0x00000002   PAD
    0x0800b814   0x00000168   Code   RO         1582    i.__mathlib_rredf2  m_ws.l(rredf.o)
    0x0800b97c   0x0000000e   Code   RO         1638    i.__scatterload_copy  mc_w.l(handlers.o)
    0x0800b98a   0x00000002   Code   RO         1639    i.__scatterload_null  mc_w.l(handlers.o)
    0x0800b98c   0x0000000e   Code   RO         1640    i.__scatterload_zeroinit  mc_w.l(handlers.o)
    0x0800b99a   0x00000002   PAD
    0x0800b99c   0x0000000c   Code   RO         1614    i.__set_errno       mc_w.l(errno.o)
    0x0800b9a8   0x00000184   Code   RO         1475    i._fp_digits        mc_w.l(printfa.o)
    0x0800bb2c   0x000006dc   Code   RO         1476    i._printf_core      mc_w.l(printfa.o)
    0x0800c208   0x00000024   Code   RO         1477    i._printf_post_padding  mc_w.l(printfa.o)
    0x0800c22c   0x0000002e   Code   RO         1478    i._printf_pre_padding  mc_w.l(printfa.o)
    0x0800c25a   0x0000000a   Code   RO         1480    i._sputc            mc_w.l(printfa.o)
    0x0800c264   0x0000027c   Code   RO         1077    i.acos              m_ws.l(acos.o)
    0x0800c4e0   0x0000011c   Code   RO         1087    i.acosf             m_ws.l(acosf.o)
    0x0800c5fc   0x00000124   Code   RO         1105    i.asinf             m_ws.l(asinf.o)
    0x0800c720   0x0000025c   Code   RO         1131    i.atan2f            m_ws.l(atan2f.o)
    0x0800c97c   0x0000017c   Code   RO         1151    i.cosf              m_ws.l(cosf.o)
    0x0800caf8   0x00000188   Code   RO         1191    i.sinf              m_ws.l(sinf.o)
    0x0800cc80   0x0000004c   Code   RO         1199    i.sqrt              m_ws.l(sqrt.o)
    0x0800cccc   0x0000002c   Code   RO         1207    i.sqrtf             m_ws.l(sqrtf.o)
    0x0800ccf8   0x00000054   Data   RO          680    .constdata          inv_mpu.o
    0x0800cd4c   0x00000bf6   Data   RO          697    .constdata          inv_mpu_dmp_motion_driver.o
    0x0800d942   0x00000002   PAD
    0x0800d944   0x00000400   Data   RO          810    .constdata          ml_math_func.o
    0x0800dd44   0x0000002f   Data   RO          840    .constdata          mpl.o
    0x0800dd73   0x00000005   PAD
    0x0800dd78   0x00000050   Data   RO         1078    .constdata          m_ws.l(acos.o)
    0x0800ddc8   0x00000020   Data   RO         1583    .constdata          m_ws.l(rredf.o)
    0x0800dde8   0x00000009   Data   RO          406    .conststring        main.o
    0x0800ddf1   0x00000003   PAD
    0x0800ddf4   0x00000044   Data   RO          756    .conststring        data_builder.o
    0x0800de38   0x00000020   Data   RO         1636    Region$$Table       anon$$obj.o


    Execution Region RW_IRAM1 (Base: 0x20000000, Size: 0x000011d0, Max: 0x00010000, ABSOLUTE)

    Base Addr    Size         Type   Attr      Idx    E Section Name        Object

    0x20000000   0x00000014   Data   RW           25    .data               system_stm32f10x.o
    0x20000014   0x00000014   Data   RW          318    .data               stm32f10x_rcc.o
    0x20000028   0x00000015   Data   RW          407    .data               main.o
    0x2000003d   0x00000003   PAD
    0x20000040   0x00000008   Data   RW          554    .data               stm32f10x_it.o
    0x20000048   0x00000008   Data   RW          588    .data               bsp_systick.o
    0x20000050   0x00000006   Data   RW          666    .data               bsp_i2c.o
    0x20000056   0x00000002   PAD
    0x20000058   0x0000002c   Data   RW          681    .data               inv_mpu.o
    0x20000084   0x00000014   Data   RW          781    .data               hal_outputs.o
    0x20000098   0x00000004   Data   RW          796    .data               message_layer.o
    0x2000009c   0x00000004   Data   RW         1605    .data               mc_w.l(stdout.o)
    0x200000a0   0x00000004   Data   RW         1615    .data               mc_w.l(errno.o)
    0x200000a4   0x00000024   Zero   RW          404    .bss                main.o
    0x200000c8   0x00000010   Zero   RW          696    .bss                inv_mpu_dmp_motion_driver.o
    0x200000d8   0x00000028   Zero   RW          738    .bss                empl_outputs.o
    0x20000100   0x000002d8   Zero   RW          755    .bss                data_builder.o
    0x200003d8   0x000000c4   Zero   RW          780    .bss                hal_outputs.o
    0x2000049c   0x00000088   Zero   RW          858    .bss                results_holder.o
    0x20000524   0x00000054   Zero   RW          872    .bss                start_manager.o
    0x20000578   0x00000198   Zero   RW          886    .bss                storage_manager.o
    0x20000710   0x000002a0   Zero   RW          900    .bss                libmpllib.lib(fast_no_motion.o)
    0x200009b0   0x00000138   Zero   RW          991    .bss                libmpllib.lib(fusion_9axis.o)
    0x20000ae8   0x000001c4   Zero   RW         1016    .bss                libmpllib.lib(gyro_tc.o)
    0x20000cac   0x0000006c   Zero   RW         1037    .bss                libmpllib.lib(quaternion_supervisor.o)
    0x20000d18   0x000000b8   Zero   RW         1055    .bss                libmpllib.lib(mag_disturb.o)
    0x20000dd0   0x00000400   Zero   RW            1    STACK               startup_stm32f10x_hd.o


==============================================================================

Image component sizes


      Code (inc. data)   RO Data    RW Data    ZI Data      Debug   Object Name

       196          4          0          0          0       1085   bsp_exti.o
      1036         14          0          6          0       6016   bsp_i2c.o
        96          6          0          0          0        550   bsp_led.o
       188         22          0          8          0      17118   bsp_systick.o
       188         10          0          0          0       1039   bsp_usart.o
         0          0          0          0          0       4532   core_cm3.o
      3176         72         68          0        728      18824   data_builder.o
      1236         44          0          0         40       5861   empl_outputs.o
      1696         30          0         20        196       6975   hal_outputs.o
      7920        108         84         44          0      23215   inv_mpu.o
      3444        128       3062          0         16      15555   inv_mpu_dmp_motion_driver.o
       824         22          0          0          0       2255   log_stm32.o
      4524        716          9         21         36      17001   main.o
        44          4          0          4          0       1514   message_layer.o
       220         22          0          0          0       1857   misc.o
      3896         54       1024          0          0      16117   ml_math_func.o
       252         70         47          0          0       2230   mpl.o
       996         10          0          0        136       9541   results_holder.o
       184          6          0          0         84       2334   start_manager.o
        36          8        304          0       1024        876   startup_stm32f10x_hd.o
       284         10          0          0          0       2315   stm32f10x_exti.o
       860         38          0          0          0       5785   stm32f10x_gpio.o
       100          4          0          8          0       3428   stm32f10x_it.o
       932         36          0         20          0       8988   stm32f10x_rcc.o
      1032         22          0          0          0       8516   stm32f10x_usart.o
       548          6          0          0        408       3682   storage_manager.o
       480         38          0         20          0     232295   system_stm32f10x.o

    ----------------------------------------------------------------------
     34388       1504       4640        156       2668     419504   Object Totals
         0          0         32          0          0          0   (incl. Generated)
         0          0         10          5          0          0   (incl. Padding)

    ----------------------------------------------------------------------

      Code (inc. data)   RO Data    RW Data    ZI Data      Debug   Library Member Name

      2548         42          0          0        672      19752   fast_no_motion.o
      1628         54          0          0        312       5308   fusion_9axis.o
      1212         30          0          0        452       5515   gyro_tc.o
      1360         46          0          0        184       7270   mag_disturb.o
      2368        102          0          0        108       5409   quaternion_supervisor.o
       636         62         80          0          0        188   acos.o
       284         42          0          0          0        120   acosf.o
       292         38          0          0          0        120   asinf.o
       604         76          0          0          0        116   atan2f.o
       380         52          0          0          0        124   cosf.o
        18          0          0          0          0        136   dunder.o
        38          0          0          0          0         68   fpclassifyf.o
        28          0          0          0          0        272   funder.o
       170          0          0          0          0         96   poly.o
       360         16         32          0          0         88   rredf.o
       392         54          0          0          0        124   sinf.o
        76          0          0          0          0         84   sqrt.o
        44          0          0          0          0         80   sqrtf.o
         0          0          0          0          0          0   entry.o
         0          0          0          0          0          0   entry10a.o
         0          0          0          0          0          0   entry11a.o
         8          4          0          0          0          0   entry2.o
         4          0          0          0          0          0   entry5.o
         0          0          0          0          0          0   entry7b.o
         0          0          0          0          0          0   entry8b.o
         8          4          0          0          0          0   entry9a.o
        12          6          0          4          0         68   errno.o
        30          0          0          0          0          0   handlers.o
        36          8          0          0          0         68   init.o
         0          0          0          0          0          0   iusefp.o
        98          0          0          0          0         84   ldiv.o
        30          0          0          0          0         68   llshl.o
        36          0          0          0          0         68   llsshr.o
        32          0          0          0          0         68   llushr.o
        26          0          0          0          0         80   memcmp.o
        64          0          0          0          0         76   memmovea.o
        36          0          0          0          0        108   memseta.o
      2304         96          0          0          0        600   printfa.o
         0          0          0          4          0          0   stdout.o
        44          0          0          0          0         80   uidiv.o
        98          0          0          0          0         92   uldiv.o
        48          0          0          0          0         68   cdcmple.o
        48          0          0          0          0         68   cdrcmple.o
        20          0          0          0          0         68   cfcmple.o
        20          0          0          0          0         68   cfrcmple.o
        56          0          0          0          0         88   d2f.o
       334          0          0          0          0        148   dadd.o
       222          0          0          0          0        100   ddiv.o
       186          0          0          0          0        176   depilogue.o
        62          0          0          0          0         80   dfixi.o
        48          0          0          0          0         68   dfixul.o
        34          0          0          0          0         76   dflti.o
       228          0          0          0          0         96   dmul.o
        46          0          0          0          0         80   dscalb.o
       162          0          0          0          0        100   dsqrt.o
        38          0          0          0          0         68   f2d.o
       176          0          0          0          0        140   fadd.o
       124          0          0          0          0         88   fdiv.o
       110          0          0          0          0        168   fepilogue.o
        50          0          0          0          0         68   ffixi.o
        66          0          0          0          0         76   ffixl.o
        40          0          0          0          0         68   ffixui.o
        18          0          0          0          0         68   fflti.o
        44          0          0          0          0         92   ffltl.o
        10          0          0          0          0         68   ffltui.o
       100          0          0          0          0         76   fmul.o
        60          0          0          0          0         76   frnd.o
        24          0          0          0          0         68   fscalb.o
        94          0          0          0          0         96   fsqrt.o

    ----------------------------------------------------------------------
     17780        732        112          8       1728      48834   Library Totals
         8          0          0          0          0          0   (incl. Padding)

    ----------------------------------------------------------------------

      Code (inc. data)   RO Data    RW Data    ZI Data      Debug   Library Name

      9116        274          0          0       1728      43254   libmpllib.lib
      3322        340        112          0          0       1616   m_ws.l
      2866        118          0          8          0       1460   mc_w.l
      2468          0          0          0          0       2504   mf_w.l

    ----------------------------------------------------------------------
     17780        732        112          8       1728      48834   Library Totals

    ----------------------------------------------------------------------

==============================================================================


      Code (inc. data)   RO Data    RW Data    ZI Data      Debug   

     52168       2236       4752        164       4396     462094   Grand Totals
     52168       2236       4752        164       4396     462094   ELF Image Totals
     52168       2236       4752        164          0          0   ROM Totals

==============================================================================

    Total RO  Size (Code + RO Data)                56920 (  55.59kB)
    Total RW  Size (RW Data + ZI Data)              4560 (   4.45kB)
    Total ROM Size (Code + RO Data + RW Data)      57084 (  55.75kB)

==============================================================================

